Component: ARM Compiler 5.06 update 7 (build 960) Tool: armlink [4d3601]

==============================================================================

Section Cross References

    startup_stm32f407xx.o(STACK) refers (Special) to heapauxi.o(.text) for __use_two_region_memory
    startup_stm32f407xx.o(HEAP) refers (Special) to heapauxi.o(.text) for __use_two_region_memory
    startup_stm32f407xx.o(RESET) refers (Special) to heapauxi.o(.text) for __use_two_region_memory
    startup_stm32f407xx.o(RESET) refers to startup_stm32f407xx.o(STACK) for __initial_sp
    startup_stm32f407xx.o(RESET) refers to startup_stm32f407xx.o(.text) for Reset_Handler
    startup_stm32f407xx.o(RESET) refers to stm32f4xx_it.o(i.NMI_Handler) for NMI_Handler
    startup_stm32f407xx.o(RESET) refers to stm32f4xx_it.o(i.HardFault_Handler) for HardFault_Handler
    startup_stm32f407xx.o(RESET) refers to stm32f4xx_it.o(i.MemManage_Handler) for MemManage_Handler
    startup_stm32f407xx.o(RESET) refers to stm32f4xx_it.o(i.BusFault_Handler) for BusFault_Handler
    startup_stm32f407xx.o(RESET) refers to stm32f4xx_it.o(i.UsageFault_Handler) for UsageFault_Handler
    startup_stm32f407xx.o(RESET) refers to port.o(.emb_text) for SVC_Handler
    startup_stm32f407xx.o(RESET) refers to stm32f4xx_it.o(i.DebugMon_Handler) for DebugMon_Handler
    startup_stm32f407xx.o(RESET) refers to cmsis_os2.o(i.SysTick_Handler) for SysTick_Handler
    startup_stm32f407xx.o(RESET) refers to stm32f4xx_it.o(i.EXTI0_IRQHandler) for EXTI0_IRQHandler
    startup_stm32f407xx.o(RESET) refers to stm32f4xx_it.o(i.EXTI3_IRQHandler) for EXTI3_IRQHandler
    startup_stm32f407xx.o(RESET) refers to stm32f4xx_it.o(i.EXTI4_IRQHandler) for EXTI4_IRQHandler
    startup_stm32f407xx.o(RESET) refers to stm32f4xx_it.o(i.DMA1_Stream1_IRQHandler) for DMA1_Stream1_IRQHandler
    startup_stm32f407xx.o(RESET) refers to stm32f4xx_it.o(i.CAN1_RX0_IRQHandler) for CAN1_RX0_IRQHandler
    startup_stm32f407xx.o(RESET) refers to stm32f4xx_it.o(i.EXTI9_5_IRQHandler) for EXTI9_5_IRQHandler
    startup_stm32f407xx.o(RESET) refers to stm32f4xx_it.o(i.TIM1_UP_TIM10_IRQHandler) for TIM1_UP_TIM10_IRQHandler
    startup_stm32f407xx.o(RESET) refers to stm32f4xx_it.o(i.TIM2_IRQHandler) for TIM2_IRQHandler
    startup_stm32f407xx.o(RESET) refers to stm32f4xx_it.o(i.TIM3_IRQHandler) for TIM3_IRQHandler
    startup_stm32f407xx.o(RESET) refers to stm32f4xx_it.o(i.USART1_IRQHandler) for USART1_IRQHandler
    startup_stm32f407xx.o(RESET) refers to ins_task.o(i.DMA2_Stream2_IRQHandler) for DMA2_Stream2_IRQHandler
    startup_stm32f407xx.o(RESET) refers to stm32f4xx_it.o(i.DMA2_Stream3_IRQHandler) for DMA2_Stream3_IRQHandler
    startup_stm32f407xx.o(RESET) refers to stm32f4xx_it.o(i.CAN2_TX_IRQHandler) for CAN2_TX_IRQHandler
    startup_stm32f407xx.o(RESET) refers to stm32f4xx_it.o(i.CAN2_RX0_IRQHandler) for CAN2_RX0_IRQHandler
    startup_stm32f407xx.o(RESET) refers to stm32f4xx_it.o(i.DMA2_Stream5_IRQHandler) for DMA2_Stream5_IRQHandler
    startup_stm32f407xx.o(RESET) refers to stm32f4xx_it.o(i.DMA2_Stream7_IRQHandler) for DMA2_Stream7_IRQHandler
    startup_stm32f407xx.o(.text) refers (Special) to heapauxi.o(.text) for __use_two_region_memory
    startup_stm32f407xx.o(.text) refers to system_stm32f4xx.o(i.SystemInit) for SystemInit
    startup_stm32f407xx.o(.text) refers to __main.o(!!!main) for __main
    startup_stm32f407xx.o(.text) refers to startup_stm32f407xx.o(HEAP) for Heap_Mem
    startup_stm32f407xx.o(.text) refers to startup_stm32f407xx.o(STACK) for Stack_Mem
    main.o(i.HAL_TIM_PeriodElapsedCallback) refers to stm32f4xx_hal.o(i.HAL_IncTick) for HAL_IncTick
    main.o(i.SystemClock_Config) refers to rt_memclr_w.o(.text) for __aeabi_memclr4
    main.o(i.SystemClock_Config) refers to stm32f4xx_hal_rcc.o(i.HAL_RCC_OscConfig) for HAL_RCC_OscConfig
    main.o(i.SystemClock_Config) refers to stm32f4xx_hal_rcc.o(i.HAL_RCC_ClockConfig) for HAL_RCC_ClockConfig
    main.o(i.main) refers to delay.o(i.delay_init) for delay_init
    main.o(i.main) refers to delay.o(i.delay_ms) for delay_ms
    main.o(i.main) refers to stm32f4xx_hal.o(i.HAL_Init) for HAL_Init
    main.o(i.main) refers to main.o(i.SystemClock_Config) for SystemClock_Config
    main.o(i.main) refers to gpio.o(i.MX_GPIO_Init) for MX_GPIO_Init
    main.o(i.main) refers to dma.o(i.MX_DMA_Init) for MX_DMA_Init
    main.o(i.main) refers to usart.o(i.MX_USART3_UART_Init) for MX_USART3_UART_Init
    main.o(i.main) refers to usart.o(i.MX_USART1_UART_Init) for MX_USART1_UART_Init
    main.o(i.main) refers to can.o(i.MX_CAN1_Init) for MX_CAN1_Init
    main.o(i.main) refers to can.o(i.MX_CAN2_Init) for MX_CAN2_Init
    main.o(i.main) refers to i2c.o(i.MX_I2C3_Init) for MX_I2C3_Init
    main.o(i.main) refers to spi.o(i.MX_SPI1_Init) for MX_SPI1_Init
    main.o(i.main) refers to tim.o(i.MX_TIM1_Init) for MX_TIM1_Init
    main.o(i.main) refers to tim.o(i.MX_TIM3_Init) for MX_TIM3_Init
    main.o(i.main) refers to tim.o(i.MX_TIM4_Init) for MX_TIM4_Init
[...]
    xTaskGetTickCount                        0x0800b9ed   Thumb Code     6  tasks.o(i.xTaskGetTickCount)
    xTaskIncrementTick                       0x0800b9f9   Thumb Code   192  tasks.o(i.xTaskIncrementTick)
    xTaskPriorityDisinherit                  0x0800bac1   Thumb Code   118  tasks.o(i.xTaskPriorityDisinherit)
    xTaskRemoveFromEventList                 0x0800bb41   Thumb Code    98  tasks.o(i.xTaskRemoveFromEventList)
    xTaskResumeAll                           0x0800bbb1   Thumb Code   182  tasks.o(i.xTaskResumeAll)
    xTimerCreate                             0x0800bc75   Thumb Code    52  timers.o(i.xTimerCreate)
    xTimerCreateTimerTask                    0x0800bca9   Thumb Code    78  timers.o(i.xTimerCreateTimerTask)
    xTimerGenericCommand                     0x0800bd09   Thumb Code    98  timers.o(i.xTimerGenericCommand)
    __aeabi_d2f                              0x0800bd71   Thumb Code     0  d2f.o(x$fpl$d2f)
    _d2f                                     0x0800bd71   Thumb Code    98  d2f.o(x$fpl$d2f)
    __aeabi_dadd                             0x0800bdd5   Thumb Code     0  daddsub_clz.o(x$fpl$dadd)
    _dadd                                    0x0800bdd5   Thumb Code   332  daddsub_clz.o(x$fpl$dadd)
    __aeabi_ddiv                             0x0800bf25   Thumb Code     0  ddiv.o(x$fpl$ddiv)
    _ddiv                                    0x0800bf25   Thumb Code   552  ddiv.o(x$fpl$ddiv)
    __aeabi_ui2d                             0x0800c1d5   Thumb Code     0  dflt_clz.o(x$fpl$dfltu)
    _dfltu                                   0x0800c1d5   Thumb Code    38  dflt_clz.o(x$fpl$dfltu)
    __fpl_dnaninf                            0x0800c1fb   Thumb Code   156  dnaninf.o(x$fpl$dnaninf)
    __fpl_dretinf                            0x0800c297   Thumb Code    12  dretinf.o(x$fpl$dretinf)
    _dsqrt                                   0x0800c2a5   Thumb Code   404  dsqrt_umaal.o(x$fpl$dsqrt)
    __aeabi_dsub                             0x0800c43d   Thumb Code     0  daddsub_clz.o(x$fpl$dsub)
    _dsub                                    0x0800c43d   Thumb Code   464  daddsub_clz.o(x$fpl$dsub)
    __aeabi_f2d                              0x0800c611   Thumb Code     0  f2d.o(x$fpl$f2d)
    _f2d                                     0x0800c611   Thumb Code    86  f2d.o(x$fpl$f2d)
    __fpl_fnaninf                            0x0800c667   Thumb Code   140  fnaninf.o(x$fpl$fnaninf)
    _fp_init                                 0x0800c6f3   Thumb Code    10  fpinit.o(x$fpl$fpinit)
    __fplib_config_fpu_vfp                   0x0800c6fb   Thumb Code     0  fpinit.o(x$fpl$fpinit)
    __fplib_config_pureend_doubles           0x0800c6fb   Thumb Code     0  fpinit.o(x$fpl$fpinit)
    __fpl_fretinf                            0x0800c6fd   Thumb Code    10  fretinf.o(x$fpl$fretinf)
    __I$use$fp                               0x0800c706   Number         0  usenofp.o(x$fpl$usenofp)
    defaultTask_attributes                   0x0800c708   Data          36  freertos.o(.constdata)
    Start_Task_attr                          0x0800c72c   Data          36  freertos.o(.constdata)
    AHBPrescTable                            0x0800c758   Data          16  system_stm32f4xx.o(.constdata)
    APBPrescTable                            0x0800c768   Data           8  system_stm32f4xx.o(.constdata)
    F14x16                                   0x0800c78e   Data           1  oled.o(.constdata)
    F14x16_Idx                               0x0800c78f   Data           7  oled.o(.constdata)
    F6x8                                     0x0800c796   Data         552  oled.o(.constdata)
    F8X16                                    0x0800c9be   Data        1520  oled.o(.constdata)
    INS_Task_attr                            0x0800cfbc   Data          36  start_task.o(.constdata)
    Gimbal_Task_attr                         0x0800cfe0   Data          36  start_task.o(.constdata)
    Shoot_Task_attr                          0x0800d004   Data          36  start_task.o(.constdata)
    Connect_Task_attr                        0x0800d028   Data          36  start_task.o(.constdata)
    GUI_Task_attr                            0x0800d04c   Data          36  start_task.o(.constdata)
    Test_Task_attr                           0x0800d070   Data          36  start_task.o(.constdata)
    Monitor_Task_attr                        0x0800d094   Data          36  start_task.o(.constdata)
    Region$$Table$$Base                      0x0800d1b0   Number         0  anon$$obj.o(Region$$Table)
    Region$$Table$$Limit                     0x0800d1d0   Number         0  anon$$obj.o(Region$$Table)
    defaultTaskHandle                        0x20000000   Data           4  freertos.o(.data)
    Start_Task_Handler                       0x20000004   Data           4  freertos.o(.data)
    can1_rx_data                             0x2000000c   Data           8  can.o(.data)
    can2_rx_data                             0x20000014   Data           8  can.o(.data)
    can1_tx_data                             0x2000001c   Data           8  can.o(.data)
    can2_tx_data                             0x20000024   Data           8  can.o(.data)
    freertos_run_time                        0x20000030   Data           8  tim.o(.data)
    abuffer                                  0x2000003c   Data           1  stm32f4xx_it.o(.data)
    uwTickFreq                               0x20000040   Data           1  stm32f4xx_hal.o(.data)
    uwTickPrio                               0x20000044   Data           4  stm32f4xx_hal.o(.data)
    uwTick                                   0x20000048   Data           4  stm32f4xx_hal.o(.data)
    SystemCoreClock                          0x20000050   Data           4  system_stm32f4xx.o(.data)
    pxCurrentTCB                             0x20000054   Data           4  tasks.o(.data)
    Auto_KF_Delay                            0x200000dc   Data           2  vision.o(.data)
    Gravity_distance                         0x200000de   Data           2  vision.o(.data)
    yaw_install_k                            0x200000e0   Data           4  vision.o(.data)
    pitch_install_k                          0x200000e4   Data           4  vision.o(.data)
    vision_G                                 0x200000e8   Data           4  vision.o(.data)
    yaw_speed_k                              0x200000ec   Data           4  vision.o(.data)
    kf_yaw_angcon                            0x200000f0   Data           4  vision.o(.data)
    pitch_speed_k                            0x200000f4   Data           4  vision.o(.data)
    kf_pitch_angcon                          0x200000f8   Data           4  vision.o(.data)
    debug_kf_angle_ramp                      0x200000fc   Data           4  vision.o(.data)
    kf_speed_yl                              0x20000100   Data           4  vision.o(.data)
    xx                                       0x20000104   Data           4  vision.o(.data)
    GG                                       0x20000120   Data           4  vision.o(.data)
    debug_speed                              0x20000124   Data           4  vision.o(.data)
    Vision_Angle_Speed_Yaw                   0x20000128   Data           4  vision.o(.data)
    Vision_Angle_Speed_Pitch                 0x2000012c   Data           4  vision.o(.data)
    yaw_kf_result                            0x20000130   Data           4  vision.o(.data)
    pitch_kf_result                          0x20000134   Data           4  vision.o(.data)
    vision_time_js                           0x20000138   Data           4  vision.o(.data)
    debug_kf_y_angle                         0x2000013c   Data           4  vision.o(.data)
    debug_kf_p_angle                         0x20000140   Data           4  vision.o(.data)
    debug_kf_angle_temp                      0x20000144   Data           4  vision.o(.data)
    Yaw_angle_ref                            0x20000148   Data           4  vision.o(.data)
    Auto_Error_Pitch                         0x2000014c   Data           8  vision.o(.data)
    Vision_Time                              0x20000154   Data           8  vision.o(.data)
    yaw_kalman_filter_para                   0x2000015c   Data         180  vision.o(.data)
    pitch_kalman_filter_para                 0x20000210   Data         180  vision.o(.data)
    twoKp                                    0x200002c4   Data           4  mahonyahrs.o(.data)
    twoKi                                    0x200002c8   Data           4  mahonyahrs.o(.data)
    integralFBx                              0x200002cc   Data           4  mahonyahrs.o(.data)
    integralFBy                              0x200002d0   Data           4  mahonyahrs.o(.data)
    integralFBz                              0x200002d4   Data           4  mahonyahrs.o(.data)
    cali_gimbal_pid                          0x200002d8   Data          96  pid.o(.data)
    cali_shoot_pid                           0x20000338   Data          96  pid.o(.data)
    BMI088_ACCEL_SEN                         0x20000398   Data           4  bmi088driver.o(.data)
    BMI088_GYRO_SEN                          0x2000039c   Data           4  bmi088driver.o(.data)
    communication                            0x200003c4   Data           4  connect_task.o(.data)
    gimbal_position_init_finish_flag         0x200003c8   Data           1  gimbal_task.o(.data)
    robot_work_mode                          0x200003c9   Data           1  gimbal_task.o(.data)
    robot_control_mode                       0x200003ca   Data           1  gimbal_task.o(.data)
    gimbal_work_mode                         0x200003cb   Data           1  gimbal_task.o(.data)
    delta_yaw_dev                            0x200003cc   Data           4  gimbal_task.o(.data)
    delta_pitch_dev                          0x200003d0   Data           4  gimbal_task.o(.data)
    delta_yaw                                0x200003d4   Data          72  gimbal_task.o(.data)
    delta_pitch                              0x2000041c   Data          72  gimbal_task.o(.data)
    Usart_Cnt                                0x20000464   Data           1  gui_task.o(.data)
    i                                        0x20000465   Data           1  gui_task.o(.data)
    scale                                    0x20000466   Data           2  gui_task.o(.data)
    result                                   0x20000468   Data           4  gui_task.o(.data)
    gyro_update_flag                         0x2000046c   Data           1  ins_task.o(.data)
    accel_update_flag                        0x2000046d   Data           1  ins_task.o(.data)
    accel_temp_update_flag                   0x2000046e   Data           1  ins_task.o(.data)
    mag_update_flag                          0x2000046f   Data           1  ins_task.o(.data)
    imu_start_dma_flag                       0x20000470   Data           1  ins_task.o(.data)
    accel_temp_dma_tx_buf                    0x20000473   Data           4  ins_task.o(.data)
    accel_temp_dma_rx_buf                    0x20000480   Data           4  ins_task.o(.data)
    yaw_temp                                 0x20000484   Data           4  ins_task.o(.data)
    last_yaw_temp                            0x20000488   Data           4  ins_task.o(.data)
    yaw_cnt                                  0x2000048c   Data           4  ins_task.o(.data)
    sum0                                     0x20000490   Data           4  ins_task.o(.data)
    avg0                                     0x20000494   Data           4  ins_task.o(.data)
    aa0                                      0x20000498   Data           4  ins_task.o(.data)
    sum1                                     0x2000049c   Data           4  ins_task.o(.data)
    avg1                                     0x200004a0   Data           4  ins_task.o(.data)
    aa1                                      0x200004a4   Data           4  ins_task.o(.data)
    sum2                                     0x200004a8   Data           4  ins_task.o(.data)
    avg2                                     0x200004ac   Data           4  ins_task.o(.data)
    aa2                                      0x200004b0   Data           4  ins_task.o(.data)
    gyro_dma_tx_buf                          0x200004b4   Data           8  ins_task.o(.data)
    gyro_dma_rx_buf                          0x200004bc   Data           8  ins_task.o(.data)
    accel_dma_tx_buf                         0x200004c4   Data           9  ins_task.o(.data)
    gyro_scale_factor                        0x200004d0   Data          36  ins_task.o(.data)
    accel_scale_factor                       0x200004f4   Data          36  ins_task.o(.data)
    mag_scale_factor                         0x20000518   Data          36  ins_task.o(.data)
    task_suspend_flag                        0x2000053c   Data           1  monitor_task.o(.data)
    Timer_100MS_Task_Handler                 0x20000540   Data           4  monitor_task.o(.data)
    monitor                                  0x20000544   Data         104  monitor_task.o(.data)
    fric_mode                                0x200005ae   Data           1  shoot_task.o(.data)
    shoot_mode                               0x200005af   Data           1  shoot_task.o(.data)
    INS_Task_Handler                         0x200005b4   Data           4  start_task.o(.data)
    Gimbal_Task_Handler                      0x200005b8   Data           4  start_task.o(.data)
    Shoot_Task_Handler                       0x200005bc   Data           4  start_task.o(.data)
    Connect_Task_Handler                     0x200005c0   Data           4  start_task.o(.data)
    GUI_Task_Handler                         0x200005c4   Data           4  start_task.o(.data)
    Test_Task_Handler                        0x200005c8   Data           4  start_task.o(.data)
    Monitor_Task_Handler                     0x200005cc   Data           4  start_task.o(.data)
    can1_rx_header                           0x200005d0   Data          28  can.o(.bss)
    can2_rx_header                           0x200005ec   Data          28  can.o(.bss)
    hcan1                                    0x20000608   Data          40  can.o(.bss)
    hcan2                                    0x20000630   Data          40  can.o(.bss)
    can1_tx_header                           0x20000658   Data          24  can.o(.bss)
    can2_tx_header                           0x20000670   Data          24  can.o(.bss)
    hi2c3                                    0x20000688   Data          84  i2c.o(.bss)
    hspi1                                    0x200006dc   Data          88  spi.o(.bss)
    hdma_spi1_rx                             0x20000734   Data          96  spi.o(.bss)
    hdma_spi1_tx                             0x20000794   Data          96  spi.o(.bss)
    htim1                                    0x200007f4   Data          72  tim.o(.bss)
    htim3                                    0x2000083c   Data          72  tim.o(.bss)
    htim4                                    0x20000884   Data          72  tim.o(.bss)
    htim10                                   0x200008cc   Data          72  tim.o(.bss)
    usart3_remote_data                       0x20000914   Data          36  usart.o(.bss)
    PCrx                                     0x20000938   Data          16  usart.o(.bss)
    control_data                             0x20000948   Data          39  usart.o(.bss)
    huart1                                   0x20000970   Data          68  usart.o(.bss)
    huart3                                   0x200009b4   Data          68  usart.o(.bss)
    hdma_usart1_rx                           0x200009f8   Data          96  usart.o(.bss)
    hdma_usart1_tx                           0x20000a58   Data          96  usart.o(.bss)
    hdma_usart3_rx                           0x20000ab8   Data          96  usart.o(.bss)
    htim2                                    0x20000b18   Data          72  stm32f4xx_hal_timebase_tim.o(.bss)
    xQueueRegistry                           0x20000b60   Data          64  queue.o(.bss)
    rc_ctrl_data                             0x20007844   Data          32  remote_app.o(.bss)
    rc_analog_key                            0x20007864   Data          12  remote_app.o(.bss)
    fric_motor1_msg                          0x20007870   Data          76  can1_app.o(.bss)
    fric_motor2_msg                          0x200078bc   Data          76  can1_app.o(.bss)
    trigger_motor_msg                        0x20007908   Data          76  can1_app.o(.bss)
    motor_chassis                            0x20007954   Data          10  can1_app.o(.bss)
    yaw_motor_msg                            0x20007960   Data          76  can2_app.o(.bss)
    pitch_motor_msg                          0x200079ac   Data          76  can2_app.o(.bss)
    Judge_data                               0x200079f8   Data          20  can2_app.o(.bss)
    shoot_mag                                0x20007a0c   Data          10  rule.o(.bss)
    Vision_Yaw_speed_Struct                  0x20007a18   Data          28  vision.o(.bss)
    Vision_Pitch_speed_Struct                0x20007a34   Data          28  vision.o(.bss)
    yaw_kalman_filter                        0x20007a50   Data         108  vision.o(.bss)
    pitch_kalman_filter                      0x20007abc   Data         108  vision.o(.bss)
    value_buf                                0x20007b28   Data          32  vision.o(.bss)
    vision_KM                                0x20007b48   Data          56  vision.o(.bss)
    connect_data                             0x20007b80   Data          32  connect_task.o(.bss)
    vision_tx_data                           0x20007ba0   Data          18  connect_task.o(.bss)
    tx_data                                  0x20007bb2   Data          22  connect_task.o(.bss)
    gimbal_pid                               0x20007bc8   Data         288  gimbal_task.o(.bss)
    gimbal_control_data                      0x20007ce8   Data          48  gimbal_task.o(.bss)
    Usart_Receive                            0x20007d18   Data          10  gui_task.o(.bss)
    Usart_Receive1                           0x20007d22   Data          10  gui_task.o(.bss)
    INS_gyro                                 0x20007d50   Data          12  ins_task.o(.bss)
    INS_angle                                0x20007d84   Data          12  ins_task.o(.bss)
    INS                                      0x20007d90   Data          24  ins_task.o(.bss)
    accel_dma_rx_buf                         0x20007da8   Data           9  ins_task.o(.bss)
    bmi088_real_data                         0x20007db4   Data          36  ins_task.o(.bss)
    gyro_offset                              0x20007dd8   Data          12  ins_task.o(.bss)
    accel_offset                             0x20007de4   Data          12  ins_task.o(.bss)
    ist8310_real_data                        0x20007df0   Data          16  ins_task.o(.bss)
    mag_offset                               0x20007e00   Data          12  ins_task.o(.bss)
    shoot_pid                                0x20007e54   Data         288  shoot_task.o(.bss)
    shoot_control_data                       0x20007f74   Data          72  shoot_task.o(.bss)
    ch                                       0x20007fbc   Data         400  test_task.o(.bss)
    __libspace_start                         0x2000814c   Data          96  libspace.o(.bss)
    __temporary_stack_top$libspace           0x200081ac   Data           0  libspace.o(.bss)



==============================================================================

Memory Map of the image

  Image Entry point : 0x08000189

  Load Region LR_IROM1 (Base: 0x08000000, Size: 0x0000d7a0, Max: 0x00100000, ABSOLUTE, COMPRESSED[0x0000d314])

    Execution Region ER_IROM1 (Exec base: 0x08000000, Load base: 0x08000000, Size: 0x0000d1d0, Max: 0x00100000, ABSOLUTE)

    Exec Addr    Load Addr    Size         Type   Attr      Idx    E Section Name        Object

    0x08000000   0x08000000   0x00000188   Data   RO            3    RESET               startup_stm32f407xx.o
    0x08000188   0x08000188   0x00000008   Code   RO         8832  * !!!main             c_w.l(__main.o)
    0x08000190   0x08000190   0x00000034   Code   RO         9304    !!!scatter          c_w.l(__scatter.o)
    0x080001c4   0x080001c4   0x0000005a   Code   RO         9302    !!dczerorl2         c_w.l(__dczerorl2.o)
    0x0800021e   0x0800021e   0x00000002   PAD
    0x08000220   0x08000220   0x0000001c   Code   RO         9306    !!handler_zi        c_w.l(__scatter_zi.o)
    0x0800023c   0x0800023c   0x00000000   Code   RO         8813    .ARM.Collect$$_printf_percent$$00000000  c_w.l(_printf_percent.o)
    0x0800023c   0x0800023c   0x00000006   Code   RO         8812    .ARM.Collect$$_printf_percent$$0000000A  c_w.l(_printf_u.o)
    0x08000242   0x08000242   0x00000004   Code   RO         9000    .ARM.Collect$$_printf_percent$$00000017  c_w.l(_printf_percent_end.o)
    0x08000246   0x08000246   0x00000002   Code   RO         9170    .ARM.Collect$$libinit$$00000000  c_w.l(libinit.o)
    0x08000248   0x08000248   0x00000004   Code   RO         9186    .ARM.Collect$$libinit$$00000001  c_w.l(libinit2.o)
    0x0800024c   0x0800024c   0x00000000   Code   RO         9189    .ARM.Collect$$libinit$$00000004  c_w.l(libinit2.o)
    0x0800024c   0x0800024c   0x00000000   Code   RO         9192    .ARM.Collect$$libinit$$0000000A  c_w.l(libinit2.o)
    0x0800024c   0x0800024c   0x00000000   Code   RO         9194    .ARM.Collect$$libinit$$0000000C  c_w.l(libinit2.o)
    0x0800024c   0x0800024c   0x00000000   Code   RO         9196    .ARM.Collect$$libinit$$0000000E  c_w.l(libinit2.o)
    0x0800024c   0x0800024c   0x00000000   Code   RO         9199    .ARM.Collect$$libinit$$00000011  c_w.l(libinit2.o)
    0x0800024c   0x0800024c   0x00000000   Code   RO         9201    .ARM.Collect$$libinit$$00000013  c_w.l(libinit2.o)
    0x0800024c   0x0800024c   0x00000000   Code   RO         9203    .ARM.Collect$$libinit$$00000015  c_w.l(libinit2.o)
    0x0800024c   0x0800024c   0x00000000   Code   RO         9205    .ARM.Collect$$libinit$$00000017  c_w.l(libinit2.o)
    0x0800024c   0x0800024c   0x00000000   Code   RO         9207    .ARM.Collect$$libinit$$00000019  c_w.l(libinit2.o)
    0x0800024c   0x0800024c   0x00000000   Code   RO         9209    .ARM.Collect$$libinit$$0000001B  c_w.l(libinit2.o)
    0x0800024c   0x0800024c   0x00000000   Code   RO         9211    .ARM.Collect$$libinit$$0000001D  c_w.l(libinit2.o)
    0x0800024c   0x0800024c   0x00000000   Code   RO         9213    .ARM.Collect$$libinit$$0000001F  c_w.l(libinit2.o)
    0x0800024c   0x0800024c   0x00000000   Code   RO         9215    .ARM.Collect$$libinit$$00000021  c_w.l(libinit2.o)
    0x0800024c   0x0800024c   0x00000000   Code   RO         9217    .ARM.Collect$$libinit$$00000023  c_w.l(libinit2.o)
    0x0800024c   0x0800024c   0x00000000   Code   RO         9219    .ARM.Collect$$libinit$$00000025  c_w.l(libinit2.o)
    0x0800024c   0x0800024c   0x00000000   Code   RO         9223    .ARM.Collect$$libinit$$0000002C  c_w.l(libinit2.o)
    0x0800024c   0x0800024c   0x00000000   Code   RO         9225    .ARM.Collect$$libinit$$0000002E  c_w.l(libinit2.o)
    0x0800024c   0x0800024c   0x00000000   Code   RO         9227    .ARM.Collect$$libinit$$00000030  c_w.l(libinit2.o)
    0x0800024c   0x0800024c   0x00000000   Code   RO         9229    .ARM.Collect$$libinit$$00000032  c_w.l(libinit2.o)
    0x0800024c   0x0800024c   0x00000002   Code   RO         9230    .ARM.Collect$$libinit$$00000033  c_w.l(libinit2.o)
    0x0800024e   0x0800024e   0x00000002   Code   RO         9256    .ARM.Collect$$libshutdown$$00000000  c_w.l(libshutdown.o)
    0x08000250   0x08000250   0x00000000   Code   RO         9283    .ARM.Collect$$libshutdown$$00000002  c_w.l(libshutdown2.o)
    0x08000250   0x08000250   0x00000000   Code   RO         9285    .ARM.Collect$$libshutdown$$00000004  c_w.l(libshutdown2.o)
    0x08000250   0x08000250   0x00000000   Code   RO         9287    .ARM.Collect$$libshutdown$$00000006  c_w.l(libshutdown2.o)
    0x08000250   0x08000250   0x00000000   Code   RO         9290    .ARM.Collect$$libshutdown$$00000009  c_w.l(libshutdown2.o)
    0x08000250   0x08000250   0x00000000   Code   RO         9293    .ARM.Collect$$libshutdown$$0000000C  c_w.l(libshutdown2.o)
    0x08000250   0x08000250   0x00000000   Code   RO         9295    .ARM.Collect$$libshutdown$$0000000E  c_w.l(libshutdown2.o)
    0x08000250   0x08000250   0x00000000   Code   RO         9298    .ARM.Collect$$libshutdown$$00000011  c_w.l(libshutdown2.o)
    0x08000250   0x08000250   0x00000002   Code   RO         9299    .ARM.Collect$$libshutdown$$00000012  c_w.l(libshutdown2.o)
    0x08000252   0x08000252   0x00000000   Code   RO         8936    .ARM.Collect$$rtentry$$00000000  c_w.l(__rtentry.o)
    0x08000252   0x08000252   0x00000000   Code   RO         9083    .ARM.Collect$$rtentry$$00000002  c_w.l(__rtentry2.o)
    0x08000252   0x08000252   0x00000006   Code   RO         9095    .ARM.Collect$$rtentry$$00000004  c_w.l(__rtentry4.o)
    0x08000258   0x08000258   0x00000000   Code   RO         9085    .ARM.Collect$$rtentry$$00000009  c_w.l(__rtentry2.o)
    0x08000258   0x08000258   0x00000004   Code   RO         9086    .ARM.Collect$$rtentry$$0000000A  c_w.l(__rtentry2.o)
    0x0800025c   0x0800025c   0x00000000   Code   RO         9088    .ARM.Collect$$rtentry$$0000000C  c_w.l(__rtentry2.o)
    0x0800025c   0x0800025c   0x00000008   Code   RO         9089    .ARM.Collect$$rtentry$$0000000D  c_w.l(__rtentry2.o)
    0x08000264   0x08000264   0x00000002   Code   RO         9173    .ARM.Collect$$rtexit$$00000000  c_w.l(rtexit.o)
    0x08000266   0x08000266   0x00000000   Code   RO         9232    .ARM.Collect$$rtexit$$00000002  c_w.l(rtexit2.o)
    0x08000266   0x08000266   0x00000004   Code   RO         9233    .ARM.Collect$$rtexit$$00000003  c_w.l(rtexit2.o)
    0x0800026a   0x0800026a   0x00000006   Code   RO         9234    .ARM.Collect$$rtexit$$00000004  c_w.l(rtexit2.o)
    0x08000270   0x08000270   0x000000be   Code   RO         6422    .emb_text           port.o
    0x0800032e   0x0800032e   0x00000002   PAD
    0x08000330   0x08000330   0x00000040   Code   RO            4    .text               startup_stm32f407xx.o
    0x08000370   0x08000370   0x00000002   Code   RO         8775    .text               c_w.l(use_no_semi_2.o)
    0x08000372   0x08000372   0x000000ee   Code   RO         8777    .text               c_w.l(lludivv7m.o)
    0x08000460   0x08000460   0x0000002c   Code   RO         8781    .text               c_w.l(__2sprintf.o)
    0x0800048c   0x0800048c   0x00000078   Code   RO         8789    .text               c_w.l(_printf_dec.o)
    0x08000504   0x08000504   0x00000188   Code   RO         8808    .text               c_w.l(__printf_flags_ss_wp.o)
    0x0800068c   0x0800068c   0x00000048   Code   RO         8814    .text               c_w.l(strcpy.o)
    0x080006d4   0x080006d4   0x0000003e   Code   RO         8816    .text               c_w.l(strlen.o)
    0x08000712   0x08000712   0x0000008a   Code   RO         8818    .text               c_w.l(rt_memcpy_v6.o)
    0x0800079c   0x0800079c   0x00000064   Code   RO         8820    .text               c_w.l(rt_memcpy_w.o)
    0x08000800   0x08000800   0x00000010   Code   RO         8824    .text               c_w.l(aeabi_memset.o)
    0x08000810   0x08000810   0x00000044   Code   RO         8826    .text               c_w.l(rt_memclr.o)
    0x08000854   0x08000854   0x0000004e   Code   RO         8828    .text               c_w.l(rt_memclr_w.o)
    0x080008a2   0x080008a2   0x00000006   Code   RO         8830    .text               c_w.l(heapauxi.o)
    0x080008a8   0x080008a8   0x00000002   Code   RO         8934    .text               c_w.l(use_no_semi.o)
    0x080008aa   0x080008aa   0x00000016   Code   RO         8941    .text               c_w.l(_rserrno.o)
    0x080008c0   0x080008c0   0x000000b2   Code   RO         8947    .text               c_w.l(_printf_intcommon.o)
    0x08000972   0x08000972   0x00000002   PAD
    0x08000974   0x08000974   0x00000030   Code   RO         8951    .text               c_w.l(_printf_char_common.o)
    0x080009a4   0x080009a4   0x0000000a   Code   RO         8953    .text               c_w.l(_sputc.o)
    0x080009ae   0x080009ae   0x00000002   PAD
    0x080009b0   0x080009b0   0x00000008   Code   RO         9102    .text               c_w.l(rt_errno_addr_intlibspace.o)
    0x080009b8   0x080009b8   0x00000008   Code   RO         9117    .text               c_w.l(libspace.o)
    0x080009c0   0x080009c0   0x0000004a   Code   RO         9120    .text               c_w.l(sys_stackheap_outer.o)
    0x08000a0a   0x08000a0a   0x00000012   Code   RO         9159    .text               c_w.l(exit.o)
    0x08000a1c   0x08000a1c   0x00000020   Code   RO         8398    i.AHRS_init         ins_task.o
    0x08000a3c   0x08000a3c   0x00000010   Code   RO         8399    i.AHRS_update       ins_task.o
    0x08000a4c   0x08000a4c   0x00000010   Code   RO         7670    i.BMI088_ACCEL_NS_H  bmi088middleware.o
    0x08000a5c   0x08000a5c   0x00000010   Code   RO         7671    i.BMI088_ACCEL_NS_L  bmi088middleware.o
    0x08000a6c   0x08000a6c   0x0000007c   Code   RO         7672    i.BMI088_GPIO_init  bmi088middleware.o
    0x08000ae8   0x08000ae8   0x00000010   Code   RO         7673    i.BMI088_GYRO_NS_H  bmi088middleware.o
    0x08000af8   0x08000af8   0x00000010   Code   RO         7674    i.BMI088_GYRO_NS_L  bmi088middleware.o
    0x08000b08   0x08000b08   0x00000088   Code   RO         7411    i.BMI088_accel_read_over  bmi088driver.o
    0x08000b90   0x08000b90   0x00000002   Code   RO         7675    i.BMI088_com_init   bmi088middleware.o
    0x08000b92   0x08000b92   0x00000004   Code   RO         7676    i.BMI088_delay_ms   bmi088middleware.o
    0x08000b96   0x08000b96   0x00000004   Code   RO         7677    i.BMI088_delay_us   bmi088middleware.o
    0x08000b9a   0x08000b9a   0x00000002   PAD
    0x08000b9c   0x08000b9c   0x00000060   Code   RO         7412    i.BMI088_gyro_read_over  bmi088driver.o
    0x08000bfc   0x08000bfc   0x0000002e   Code   RO         7413    i.BMI088_init       bmi088driver.o
    0x08000c2a   0x08000c2a   0x00000002   PAD
    0x08000c2c   0x08000c2c   0x00000158   Code   RO         7414    i.BMI088_read       bmi088driver.o
    0x08000d84   0x08000d84   0x00000024   Code   RO         7417    i.BMI088_read_muli_reg  bmi088driver.o
    0x08000da8   0x08000da8   0x00000016   Code   RO         7418    i.BMI088_read_single_reg  bmi088driver.o
    0x08000dbe   0x08000dbe   0x00000002   PAD
    0x08000dc0   0x08000dc0   0x00000020   Code   RO         7678    i.BMI088_read_write_byte  bmi088middleware.o
    0x08000de0   0x08000de0   0x0000002e   Code   RO         7419    i.BMI088_temperature_read_over  bmi088driver.o
    0x08000e0e   0x08000e0e   0x00000012   Code   RO         7420    i.BMI088_write_single_reg  bmi088driver.o
    0x08000e20   0x08000e20   0x00000002   Code   RO          783    i.BusFault_Handler  stm32f4xx_it.o
    0x08000e22   0x08000e22   0x00000002   PAD
    0x08000e24   0x08000e24   0x0000000c   Code   RO          784    i.CAN1_RX0_IRQHandler  stm32f4xx_it.o
    0x08000e30   0x08000e30   0x0000000c   Code   RO          785    i.CAN2_RX0_IRQHandler  stm32f4xx_it.o
    0x08000e3c   0x08000e3c   0x0000000c   Code   RO          786    i.CAN2_TX_IRQHandler  stm32f4xx_it.o
    0x08000e48   0x08000e48   0x00000064   Code   RO          366    i.CAN_APP_INIT      can.o
    0x08000eac   0x08000eac   0x00000020   Code   RO          787    i.DMA1_Stream1_IRQHandler  stm32f4xx_it.o
    0x08000ecc   0x08000ecc   0x000002c4   Code   RO         8400    i.DMA2_Stream2_IRQHandler  ins_task.o
    0x08001190   0x08001190   0x0000000c   Code   RO          788    i.DMA2_Stream3_IRQHandler  stm32f4xx_it.o
    0x0800119c   0x0800119c   0x0000000c   Code   RO          789    i.DMA2_Stream5_IRQHandler  stm32f4xx_it.o
    0x080011a8   0x080011a8   0x0000000c   Code   RO          790    i.DMA2_Stream7_IRQHandler  stm32f4xx_it.o
    0x080011b4   0x080011b4   0x00000028   Code   RO         1789    i.DMA_CalcBaseAndBitshift  stm32f4xx_hal_dma.o
    0x080011dc   0x080011dc   0x00000054   Code   RO         1790    i.DMA_CheckFifoParam  stm32f4xx_hal_dma.o
    0x08001230   0x08001230   0x00000028   Code   RO         1791    i.DMA_SetConfig     stm32f4xx_hal_dma.o
    0x08001258   0x08001258   0x00000002   Code   RO          791    i.DebugMon_Handler  stm32f4xx_it.o
    0x0800125a   0x0800125a   0x00000006   Code   RO          792    i.EXTI0_IRQHandler  stm32f4xx_it.o
    0x08001260   0x08001260   0x00000006   Code   RO          793    i.EXTI3_IRQHandler  stm32f4xx_it.o
    0x08001266   0x08001266   0x00000006   Code   RO          794    i.EXTI4_IRQHandler  stm32f4xx_it.o
    0x0800126c   0x0800126c   0x00000012   Code   RO          795    i.EXTI9_5_IRQHandler  stm32f4xx_it.o
    0x0800127e   0x0800127e   0x00000004   Code   RO           13    i.Error_Handler     main.o
    0x08001282   0x08001282   0x00000002   PAD
    0x08001284   0x08001284   0x000000e4   Code   RO         6853    i.GIMBAL_InitArgument  vision.o
    0x08001368   0x08001368   0x00000160   Code   RO         8363    i.GUI_task          gui_task.o
    0x080014c8   0x080014c8   0x00000024   Code   RO         1097    i.HAL_CAN_ActivateNotification  stm32f4xx_hal_can.o
    0x080014ec   0x080014ec   0x000000dc   Code   RO         1098    i.HAL_CAN_AddTxMessage  stm32f4xx_hal_can.o
    0x080015c8   0x080015c8   0x0000010c   Code   RO         1099    i.HAL_CAN_ConfigFilter  stm32f4xx_hal_can.o
    0x080016d4   0x080016d4   0x00000002   Code   RO         1102    i.HAL_CAN_ErrorCallback  stm32f4xx_hal_can.o
    0x080016d6   0x080016d6   0x000000e8   Code   RO         1105    i.HAL_CAN_GetRxMessage  stm32f4xx_hal_can.o
    0x080017be   0x080017be   0x000001fc   Code   RO         1109    i.HAL_CAN_IRQHandler  stm32f4xx_hal_can.o
    0x080019ba   0x080019ba   0x0000011a   Code   RO         1110    i.HAL_CAN_Init      stm32f4xx_hal_can.o
    0x08001ad4   0x08001ad4   0x0000010c   Code   RO          368    i.HAL_CAN_MspInit   can.o
    0x08001be0   0x08001be0   0x00000002   Code   RO         1117    i.HAL_CAN_RxFifo0FullCallback  stm32f4xx_hal_can.o
    0x08001be2   0x08001be2   0x00000002   PAD
    0x08001be4   0x08001be4   0x0000005c   Code   RO          369    i.HAL_CAN_RxFifo0MsgPendingCallback  can.o
    0x08001c40   0x08001c40   0x00000002   Code   RO         1119    i.HAL_CAN_RxFifo1FullCallback  stm32f4xx_hal_can.o
    0x08001c42   0x08001c42   0x00000002   Code   RO         1120    i.HAL_CAN_RxFifo1MsgPendingCallback  stm32f4xx_hal_can.o
    0x08001c44   0x08001c44   0x00000002   Code   RO         1121    i.HAL_CAN_SleepCallback  stm32f4xx_hal_can.o
    0x08001c46   0x08001c46   0x00000002   PAD
    0x08001c48   0x08001c48   0x00000058   Code   RO         1122    i.HAL_CAN_Start     stm32f4xx_hal_can.o
    0x08001ca0   0x08001ca0   0x00000002   Code   RO         1124    i.HAL_CAN_TxMailbox0AbortCallback  stm32f4xx_hal_can.o
    0x08001ca2   0x08001ca2   0x00000002   Code   RO         1125    i.HAL_CAN_TxMailbox0CompleteCallback  stm32f4xx_hal_can.o
    0x08001ca4   0x08001ca4   0x00000002   Code   RO         1126    i.HAL_CAN_TxMailbox1AbortCallback  stm32f4xx_hal_can.o
    0x08001ca6   0x08001ca6   0x00000002   Code   RO         1127    i.HAL_CAN_TxMailbox1CompleteCallback  stm32f4xx_hal_can.o
    0x08001ca8   0x08001ca8   0x00000002   Code   RO         1128    i.HAL_CAN_TxMailbox2AbortCallback  stm32f4xx_hal_can.o
    0x08001caa   0x08001caa   0x00000002   Code   RO         1129    i.HAL_CAN_TxMailbox2CompleteCallback  stm32f4xx_hal_can.o
    0x08001cac   0x08001cac   0x00000002   Code   RO         1131    i.HAL_CAN_WakeUpFromRxMsgCallback  stm32f4xx_hal_can.o
    0x08001cae   0x08001cae   0x00000092   Code   RO         1792    i.HAL_DMA_Abort     stm32f4xx_hal_dma.o
    0x08001d40   0x08001d40   0x00000024   Code   RO         1793    i.HAL_DMA_Abort_IT  stm32f4xx_hal_dma.o
    0x08001d64   0x08001d64   0x000001a0   Code   RO         1797    i.HAL_DMA_IRQHandler  stm32f4xx_hal_dma.o
    0x08001f04   0x08001f04   0x000000d4   Code   RO         1798    i.HAL_DMA_Init      stm32f4xx_hal_dma.o
    0x08001fd8   0x08001fd8   0x0000006e   Code   RO         1802    i.HAL_DMA_Start_IT  stm32f4xx_hal_dma.o
    0x08002046   0x08002046   0x00000002   PAD
    0x08002048   0x08002048   0x00000078   Code   RO         8401    i.HAL_GPIO_EXTI_Callback  ins_task.o
    0x080020c0   0x080020c0   0x00000018   Code   RO         1684    i.HAL_GPIO_EXTI_IRQHandler  stm32f4xx_hal_gpio.o
    0x080020d8   0x080020d8   0x000001f0   Code   RO         1685    i.HAL_GPIO_Init     stm32f4xx_hal_gpio.o
    0x080022c8   0x080022c8   0x0000000a   Code   RO         1689    i.HAL_GPIO_WritePin  stm32f4xx_hal_gpio.o
    0x080022d2   0x080022d2   0x00000002   PAD
    0x080022d4   0x080022d4   0x0000000c   Code   RO         2217    i.HAL_GetTick       stm32f4xx_hal.o
    0x080022e0   0x080022e0   0x00000188   Code   RO         2473    i.HAL_I2C_Init      stm32f4xx_hal_i2c.o
    0x08002468   0x08002468   0x000001f8   Code   RO         2491    i.HAL_I2C_Mem_Read  stm32f4xx_hal_i2c.o
    0x08002660   0x08002660   0x00000130   Code   RO         2494    i.HAL_I2C_Mem_Write  stm32f4xx_hal_i2c.o
    0x08002790   0x08002790   0x00000094   Code   RO          456    i.HAL_I2C_MspInit   i2c.o
    0x08002824   0x08002824   0x00000010   Code   RO         2223    i.HAL_IncTick       stm32f4xx_hal.o
    0x08002834   0x08002834   0x00000034   Code   RO         2224    i.HAL_Init          stm32f4xx_hal.o
    0x08002868   0x08002868   0x00000098   Code   RO          958    i.HAL_InitTick      stm32f4xx_hal_timebase_tim.o
    0x08002900   0x08002900   0x00000038   Code   RO          934    i.HAL_MspInit       stm32f4xx_hal_msp.o
    0x08002938   0x08002938   0x0000001a   Code   RO         2074    i.HAL_NVIC_EnableIRQ  stm32f4xx_hal_cortex.o
    0x08002952   0x08002952   0x00000002   PAD
    0x08002954   0x08002954   0x00000040   Code   RO         2080    i.HAL_NVIC_SetPriority  stm32f4xx_hal_cortex.o
    0x08002994   0x08002994   0x00000024   Code   RO         2081    i.HAL_NVIC_SetPriorityGrouping  stm32f4xx_hal_cortex.o
    0x080029b8   0x080029b8   0x00000134   Code   RO         1331    i.HAL_RCC_ClockConfig  stm32f4xx_hal_rcc.o
    0x08002aec   0x08002aec   0x00000040   Code   RO         1335    i.HAL_RCC_GetClockConfig  stm32f4xx_hal_rcc.o
    0x08002b2c   0x08002b2c   0x00000020   Code   RO         1338    i.HAL_RCC_GetPCLK1Freq  stm32f4xx_hal_rcc.o
    0x08002b4c   0x08002b4c   0x00000020   Code   RO         1339    i.HAL_RCC_GetPCLK2Freq  stm32f4xx_hal_rcc.o
    0x08002b6c   0x08002b6c   0x00000064   Code   RO         1340    i.HAL_RCC_GetSysClockFreq  stm32f4xx_hal_rcc.o
    0x08002bd0   0x08002bd0   0x0000036c   Code   RO         1343    i.HAL_RCC_OscConfig  stm32f4xx_hal_rcc.o
    0x08002f3c   0x08002f3c   0x000000bc   Code   RO         2923    i.HAL_SPI_Init      stm32f4xx_hal_spi.o
    0x08002ff8   0x08002ff8   0x00000100   Code   RO          498    i.HAL_SPI_MspInit   spi.o
    0x080030f8   0x080030f8   0x000001e2   Code   RO         2932    i.HAL_SPI_TransmitReceive  stm32f4xx_hal_spi.o
    0x080032da   0x080032da   0x00000018   Code   RO         2083    i.HAL_SYSTICK_CLKSourceConfig  stm32f4xx_hal_cortex.o
    0x080032f2   0x080032f2   0x00000002   Code   RO         3940    i.HAL_TIMEx_BreakCallback  stm32f4xx_hal_tim_ex.o
    0x080032f4   0x080032f4   0x00000002   Code   RO         3941    i.HAL_TIMEx_CommutCallback  stm32f4xx_hal_tim_ex.o
    0x080032f6   0x080032f6   0x00000054   Code   RO         3943    i.HAL_TIMEx_ConfigBreakDeadTime  stm32f4xx_hal_tim_ex.o
    0x0800334a   0x0800334a   0x00000002   PAD
    0x0800334c   0x0800334c   0x00000090   Code   RO         3959    i.HAL_TIMEx_MasterConfigSynchronization  stm32f4xx_hal_tim_ex.o
    0x080033dc   0x080033dc   0x0000005a   Code   RO         3236    i.HAL_TIM_Base_Init  stm32f4xx_hal_tim.o
    0x08003436   0x08003436   0x00000002   PAD
    0x08003438   0x08003438   0x0000009c   Code   RO          552    i.HAL_TIM_Base_MspInit  tim.o
    0x080034d4   0x080034d4   0x00000080   Code   RO         3241    i.HAL_TIM_Base_Start_IT  stm32f4xx_hal_tim.o
    0x08003554   0x08003554   0x000000dc   Code   RO         3245    i.HAL_TIM_ConfigClockSource  stm32f4xx_hal_tim.o
    0x08003630   0x08003630   0x00000002   Code   RO         3270    i.HAL_TIM_IC_CaptureCallback  stm32f4xx_hal_tim.o
    0x08003632   0x08003632   0x00000166   Code   RO         3284    i.HAL_TIM_IRQHandler  stm32f4xx_hal_tim.o
    0x08003798   0x08003798   0x000000c0   Code   RO          553    i.HAL_TIM_MspPostInit  tim.o
    0x08003858   0x08003858   0x00000002   Code   RO         3287    i.HAL_TIM_OC_DelayElapsedCallback  stm32f4xx_hal_tim.o
    0x0800385a   0x0800385a   0x000000cc   Code   RO         3308    i.HAL_TIM_PWM_ConfigChannel  stm32f4xx_hal_tim.o
    0x08003926   0x08003926   0x0000005a   Code   RO         3311    i.HAL_TIM_PWM_Init  stm32f4xx_hal_tim.o
    0x08003980   0x08003980   0x00000002   Code   RO         3313    i.HAL_TIM_PWM_MspInit  stm32f4xx_hal_tim.o
    0x08003982   0x08003982   0x00000002   Code   RO         3314    i.HAL_TIM_PWM_PulseFinishedCallback  stm32f4xx_hal_tim.o
    0x08003984   0x08003984   0x000000c8   Code   RO         3316    i.HAL_TIM_PWM_Start  stm32f4xx_hal_tim.o
    0x08003a4c   0x08003a4c   0x0000000e   Code   RO           14    i.HAL_TIM_PeriodElapsedCallback  main.o
    0x08003a5a   0x08003a5a   0x00000002   Code   RO         3327    i.HAL_TIM_TriggerCallback  stm32f4xx_hal_tim.o
    0x08003a5c   0x08003a5c   0x00000002   Code   RO         4218    i.HAL_UARTEx_RxEventCallback  stm32f4xx_hal_uart.o
    0x08003a5e   0x08003a5e   0x00000070   Code   RO         4230    i.HAL_UART_DMAStop  stm32f4xx_hal_uart.o
    0x08003ace   0x08003ace   0x00000002   Code   RO         4232    i.HAL_UART_ErrorCallback  stm32f4xx_hal_uart.o
    0x08003ad0   0x08003ad0   0x00000268   Code   RO         4235    i.HAL_UART_IRQHandler  stm32f4xx_hal_uart.o
    0x08003d38   0x08003d38   0x00000062   Code   RO         4236    i.HAL_UART_Init     stm32f4xx_hal_uart.o
    0x08003d9a   0x08003d9a   0x00000002   PAD
    0x08003d9c   0x08003d9c   0x00000194   Code   RO          673    i.HAL_UART_MspInit  usart.o
    0x08003f30   0x08003f30   0x0000002a   Code   RO         4240    i.HAL_UART_Receive_DMA  stm32f4xx_hal_uart.o
    0x08003f5a   0x08003f5a   0x0000002a   Code   RO         4241    i.HAL_UART_Receive_IT  stm32f4xx_hal_uart.o
    0x08003f84   0x08003f84   0x00000002   Code   RO         4242    i.HAL_UART_RxCpltCallback  stm32f4xx_hal_uart.o
    0x08003f86   0x08003f86   0x00000002   Code   RO         4243    i.HAL_UART_RxHalfCpltCallback  stm32f4xx_hal_uart.o
    0x08003f88   0x08003f88   0x000000b2   Code   RO         4244    i.HAL_UART_Transmit  stm32f4xx_hal_uart.o
    0x0800403a   0x0800403a   0x00000002   Code   RO         4247    i.HAL_UART_TxCpltCallback  stm32f4xx_hal_uart.o
    0x0800403c   0x0800403c   0x00000002   Code   RO          796    i.HardFault_Handler  stm32f4xx_it.o
    0x0800403e   0x0800403e   0x0000002e   Code   RO         2515    i.I2C_IsAcknowledgeFailed  stm32f4xx_hal_i2c.o
    0x0800406c   0x0800406c   0x000000fc   Code   RO         2525    i.I2C_RequestMemoryRead  stm32f4xx_hal_i2c.o
    0x08004168   0x08004168   0x000000a8   Code   RO         2526    i.I2C_RequestMemoryWrite  stm32f4xx_hal_i2c.o
    0x08004210   0x08004210   0x0000004c   Code   RO         2530    i.I2C_WaitOnBTFFlagUntilTimeout  stm32f4xx_hal_i2c.o
    0x0800425c   0x0800425c   0x00000068   Code   RO         2531    i.I2C_WaitOnFlagUntilTimeout  stm32f4xx_hal_i2c.o
    0x080042c4   0x080042c4   0x00000096   Code   RO         2532    i.I2C_WaitOnMasterAddressFlagUntilTimeout  stm32f4xx_hal_i2c.o
    0x0800435a   0x0800435a   0x00000066   Code   RO         2533    i.I2C_WaitOnRXNEFlagUntilTimeout  stm32f4xx_hal_i2c.o
    0x080043c0   0x080043c0   0x0000004c   Code   RO         2534    i.I2C_WaitOnTXEFlagUntilTimeout  stm32f4xx_hal_i2c.o
    0x0800440c   0x0800440c   0x00000378   Code   RO         8402    i.INS_task          ins_task.o
    0x08004784   0x08004784   0x00000054   Code   RO         7855    i.LEDPIN_Init       oled.o
    0x080047d8   0x080047d8   0x00000014   Code   RO         7858    i.LED_DLY_ms        oled.o
    0x080047ec   0x080047ec   0x00000038   Code   RO         7859    i.LED_Fill          oled.o
    0x08004824   0x08004824   0x0000005c   Code   RO         7862    i.LED_P6x8Str       oled.o
    0x08004880   0x08004880   0x00000022   Code   RO         7872    i.LED_Set_Pos       oled.o
    0x080048a2   0x080048a2   0x00000002   PAD
    0x080048a4   0x080048a4   0x0000003c   Code   RO         7873    i.LED_WrCmd         oled.o
    0x080048e0   0x080048e0   0x0000003c   Code   RO         7874    i.LED_WrDat         oled.o
    0x0800491c   0x0800491c   0x00000044   Code   RO          370    i.MX_CAN1_Init      can.o
    0x08004960   0x08004960   0x00000044   Code   RO          371    i.MX_CAN2_Init      can.o
    0x080049a4   0x080049a4   0x0000007c   Code   RO          431    i.MX_DMA_Init       dma.o
    0x08004a20   0x08004a20   0x00000030   Code   RO          305    i.MX_FREERTOS_Init  freertos.o
    0x08004a50   0x08004a50   0x0000017c   Code   RO          270    i.MX_GPIO_Init      gpio.o
    0x08004bcc   0x08004bcc   0x00000040   Code   RO          457    i.MX_I2C3_Init      i2c.o
    0x08004c0c   0x08004c0c   0x00000048   Code   RO          499    i.MX_SPI1_Init      spi.o
    0x08004c54   0x08004c54   0x00000068   Code   RO          554    i.MX_TIM10_Init     tim.o
    0x08004cbc   0x08004cbc   0x000000cc   Code   RO          555    i.MX_TIM1_Init      tim.o
    0x08004d88   0x08004d88   0x00000064   Code   RO          556    i.MX_TIM3_Init      tim.o
    0x08004dec   0x08004dec   0x00000098   Code   RO          557    i.MX_TIM4_Init      tim.o
    0x08004e84   0x08004e84   0x00000038   Code   RO          674    i.MX_USART1_UART_Init  usart.o
    0x08004ebc   0x08004ebc   0x00000040   Code   RO          675    i.MX_USART3_UART_Init  usart.o
    0x08004efc   0x08004efc   0x00000378   Code   RO         7006    i.MahonyAHRSupdate  mahonyahrs.o
    0x08005274   0x08005274   0x000001fc   Code   RO         7007    i.MahonyAHRSupdateIMU  mahonyahrs.o
    0x08005470   0x08005470   0x00000002   Code   RO          797    i.MemManage_Handler  stm32f4xx_it.o
    0x08005472   0x08005472   0x00000002   Code   RO          798    i.NMI_Handler       stm32f4xx_it.o
    0x08005474   0x08005474   0x000000d8   Code   RO         7157    i.PID_Calc          pid.o
    0x0800554c   0x0800554c   0x00000028   Code   RO         7158    i.PID_Reset         pid.o
    0x08005574   0x08005574   0x00000128   Code   RO         8403    i.PID_calc          ins_task.o
    0x0800569c   0x0800569c   0x0000000a   Code   RO         6502    i.RC_abs            remote_app.o
    0x080056a6   0x080056a6   0x00000002   PAD
    0x080056a8   0x080056a8   0x00000078   Code   RO         6503    i.RC_data_error_process  remote_app.o
    0x08005720   0x08005720   0x00001270   Code   RO          500    i.SPI1_DMA_enable   spi.o
    0x08006990   0x08006990   0x000000ec   Code   RO          501    i.SPI1_DMA_init     spi.o
    0x08006a7c   0x08006a7c   0x00000058   Code   RO         2961    i.SPI_EndRxTxTransaction  stm32f4xx_hal_spi.o
    0x08006ad4   0x08006ad4   0x000000b8   Code   RO         2966    i.SPI_WaitFlagStateUntilTimeout  stm32f4xx_hal_spi.o
    0x08006b8c   0x08006b8c   0x00000014   Code   RO         7877    i.SetAddressingMode  oled.o
    0x08006ba0   0x08006ba0   0x00000014   Code   RO         7879    i.SetContrastControl  oled.o
    0x08006bb4   0x08006bb4   0x00000008   Code   RO         7882    i.SetStartLine      oled.o
    0x08006bbc   0x08006bbc   0x00000016   Code   RO         7884    i.Set_Charge_Pump   oled.o
    0x08006bd2   0x08006bd2   0x00000016   Code   RO         7885    i.Set_Common_Config  oled.o
    0x08006be8   0x08006be8   0x00000008   Code   RO         7886    i.Set_Common_Remap  oled.o
    0x08006bf0   0x08006bf0   0x00000014   Code   RO         7887    i.Set_Display_Clock  oled.o
    0x08006c04   0x08006c04   0x00000014   Code   RO         7888    i.Set_Display_Offset  oled.o
    0x08006c18   0x08006c18   0x00000008   Code   RO         7889    i.Set_Display_On_Off  oled.o
    0x08006c20   0x08006c20   0x00000008   Code   RO         7890    i.Set_Entire_Display  oled.o
    0x08006c28   0x08006c28   0x00000008   Code   RO         7891    i.Set_Inverse_Display  oled.o
    0x08006c30   0x08006c30   0x00000014   Code   RO         7892    i.Set_Multiplex_Ratio  oled.o
    0x08006c44   0x08006c44   0x00000014   Code   RO         7894    i.Set_Precharge_Period  oled.o
    0x08006c58   0x08006c58   0x00000008   Code   RO         7895    i.Set_Segment_Remap  oled.o
    0x08006c60   0x08006c60   0x00000014   Code   RO         7896    i.Set_VCOMH         oled.o
    0x08006c74   0x08006c74   0x00000008   Code   RO          306    i.StartDefaultTask  freertos.o
    0x08006c7c   0x08006c7c   0x0000001a   Code   RO         5856    i.SysTick_Handler   cmsis_os2.o
    0x08006c96   0x08006c96   0x00000002   PAD
    0x08006c98   0x08006c98   0x00000094   Code   RO           15    i.SystemClock_Config  main.o
    0x08006d2c   0x08006d2c   0x00000010   Code   RO         4637    i.SystemInit        system_stm32f4xx.o
    0x08006d3c   0x08006d3c   0x0000001c   Code   RO          799    i.TIM1_UP_TIM10_IRQHandler  stm32f4xx_it.o
    0x08006d58   0x08006d58   0x0000000c   Code   RO          800    i.TIM2_IRQHandler   stm32f4xx_it.o
    0x08006d64   0x08006d64   0x0000000c   Code   RO          801    i.TIM3_IRQHandler   stm32f4xx_it.o
    0x08006d70   0x08006d70   0x000000c8   Code   RO         3329    i.TIM_Base_SetConfig  stm32f4xx_hal_tim.o
    0x08006e38   0x08006e38   0x0000001a   Code   RO         3330    i.TIM_CCxChannelCmd  stm32f4xx_hal_tim.o
    0x08006e52   0x08006e52   0x00000014   Code   RO         3340    i.TIM_ETR_SetConfig  stm32f4xx_hal_tim.o
    0x08006e66   0x08006e66   0x00000010   Code   RO         3341    i.TIM_ITRx_SetConfig  stm32f4xx_hal_tim.o
    0x08006e76   0x08006e76   0x00000002   PAD
    0x08006e78   0x08006e78   0x00000060   Code   RO         3342    i.TIM_OC1_SetConfig  stm32f4xx_hal_tim.o
    0x08006ed8   0x08006ed8   0x0000006c   Code   RO         3343    i.TIM_OC2_SetConfig  stm32f4xx_hal_tim.o
    0x08006f44   0x08006f44   0x00000068   Code   RO         3344    i.TIM_OC3_SetConfig  stm32f4xx_hal_tim.o
    0x08006fac   0x08006fac   0x00000050   Code   RO         3345    i.TIM_OC4_SetConfig  stm32f4xx_hal_tim.o
    0x08006ffc   0x08006ffc   0x00000022   Code   RO         3347    i.TIM_TI1_ConfigInputStage  stm32f4xx_hal_tim.o
    0x0800701e   0x0800701e   0x00000024   Code   RO         3349    i.TIM_TI2_ConfigInputStage  stm32f4xx_hal_tim.o
    0x08007042   0x08007042   0x00000002   PAD
    0x08007044   0x08007044   0x0000005c   Code   RO          676    i.TX2_RX_INT        usart.o
    0x080070a0   0x080070a0   0x00000028   Code   RO         8530    i.Timer_100MS_Task  monitor_task.o
    0x080070c8   0x080070c8   0x00000010   Code   RO         4249    i.UART_DMAAbortOnError  stm32f4xx_hal_uart.o
    0x080070d8   0x080070d8   0x0000004a   Code   RO         4250    i.UART_DMAError     stm32f4xx_hal_uart.o
    0x08007122   0x08007122   0x00000082   Code   RO         4251    i.UART_DMAReceiveCplt  stm32f4xx_hal_uart.o
    0x080071a4   0x080071a4   0x0000001a   Code   RO         4253    i.UART_DMARxHalfCplt  stm32f4xx_hal_uart.o
    0x080071be   0x080071be   0x0000004e   Code   RO         4259    i.UART_EndRxTransfer  stm32f4xx_hal_uart.o
    0x0800720c   0x0800720c   0x0000001c   Code   RO         4260    i.UART_EndTxTransfer  stm32f4xx_hal_uart.o
    0x08007228   0x08007228   0x000000c0   Code   RO         4261    i.UART_Receive_IT   stm32f4xx_hal_uart.o
    0x080072e8   0x080072e8   0x0000010c   Code   RO         4262    i.UART_SetConfig    stm32f4xx_hal_uart.o
    0x080073f4   0x080073f4   0x00000094   Code   RO         4263    i.UART_Start_Receive_DMA  stm32f4xx_hal_uart.o
    0x08007488   0x08007488   0x0000003a   Code   RO         4264    i.UART_Start_Receive_IT  stm32f4xx_hal_uart.o
    0x080074c2   0x080074c2   0x00000078   Code   RO         4265    i.UART_WaitOnFlagUntilTimeout  stm32f4xx_hal_uart.o
    0x0800753a   0x0800753a   0x00000002   PAD
    0x0800753c   0x0800753c   0x00000014   Code   RO          802    i.USART1_IRQHandler  stm32f4xx_it.o
    0x08007550   0x08007550   0x00000002   Code   RO          803    i.UsageFault_Handler  stm32f4xx_it.o
    0x08007552   0x08007552   0x00000002   PAD
    0x08007554   0x08007554   0x000000bc   Code   RO          678    i.VISION_MES        usart.o
    0x08007610   0x08007610   0x00000026   Code   RO         9063    i.__ARM_fpclassifyf  m_wm.l(fpclassifyf.o)
    0x08007636   0x08007636   0x00000020   Code   RO         2087    i.__NVIC_SetPriority  stm32f4xx_hal_cortex.o
    0x08007656   0x08007656   0x00000002   PAD
    0x08007658   0x08007658   0x0000012c   Code   RO         8858    i.__hardfp_asinf    m_wm.l(asinf.o)
    0x08007784   0x08007784   0x000002ac   Code   RO         8884    i.__hardfp_atan2f   m_wm.l(atan2f.o)
    0x08007a30   0x08007a30   0x0000007a   Code   RO         8910    i.__hardfp_sqrt     m_wm.l(sqrt.o)
    0x08007aaa   0x08007aaa   0x0000003a   Code   RO         8922    i.__hardfp_sqrtf    m_wm.l(sqrtf.o)
    0x08007ae4   0x08007ae4   0x00000006   Code   RO         9066    i.__mathlib_flt_infnan  m_wm.l(funder.o)
    0x08007aea   0x08007aea   0x00000006   Code   RO         9067    i.__mathlib_flt_infnan2  m_wm.l(funder.o)
    0x08007af0   0x08007af0   0x00000010   Code   RO         9068    i.__mathlib_flt_invalid  m_wm.l(funder.o)
    0x08007b00   0x08007b00   0x00000010   Code   RO         9071    i.__mathlib_flt_underflow  m_wm.l(funder.o)
    0x08007b10   0x08007b10   0x0000000e   Code   RO         8801    i._is_digit         c_w.l(__printf_wp.o)
    0x08007b1e   0x08007b1e   0x00000002   Code   RO          679    i._sys_exit         usart.o
    0x08007b20   0x08007b20   0x00000008   Code   RO         7243    i.arm_mat_init_f32  arm_mat_init_f32.o
    0x08007b28   0x08007b28   0x0000008e   Code   RO         7387    i.arm_mat_trans_f32  arm_mat_trans_f32.o
    0x08007bb6   0x08007bb6   0x00000002   PAD
    0x08007bb8   0x08007bb8   0x00000128   Code   RO         7421    i.bmi088_accel_init  bmi088driver.o
    0x08007ce0   0x08007ce0   0x000002c0   Code   RO         7422    i.bmi088_accel_self_test  bmi088driver.o
    0x08007fa0   0x08007fa0   0x000000dc   Code   RO         7423    i.bmi088_gyro_init  bmi088driver.o
    0x0800807c   0x0800807c   0x000000ca   Code   RO         7424    i.bmi088_gyro_self_test  bmi088driver.o
    0x08008146   0x08008146   0x00000002   PAD
    0x08008148   0x08008148   0x00000010   Code   RO          558    i.buzzer1_off       tim.o
    0x08008158   0x08008158   0x00000010   Code   RO          561    i.buzzer_on         tim.o
    0x08008168   0x08008168   0x00000074   Code   RO         6577    i.can1_message_progress  can1_app.o
    0x080081dc   0x080081dc   0x00000028   Code   RO         8150    i.can2_get_rc_data  connect_task.o
    0x08008204   0x08008204   0x00000060   Code   RO         6656    i.can2_message_progress  can2_app.o
    0x08008264   0x08008264   0x00000010   Code   RO          307    i.configureTimerForRunTimeStats  freertos.o
    0x08008274   0x08008274   0x00000030   Code   RO         8152    i.connect_task      connect_task.o
    0x080082a4   0x080082a4   0x00000038   Code   RO         4589    i.delay_init        delay.o
    0x080082dc   0x080082dc   0x00000038   Code   RO         4590    i.delay_ms          delay.o
    0x08008314   0x08008314   0x00000034   Code   RO         4591    i.delay_us          delay.o
    0x08008348   0x08008348   0x00000074   Code   RO         5271    i.eTaskGetState     tasks.o
    0x080083bc   0x080083bc   0x00000040   Code   RO         8531    i.error_list_display  monitor_task.o
    0x080083fc   0x080083fc   0x00000020   Code   RO          562    i.freertos_run_tim3_configuration  tim.o
    0x0800841c   0x0800841c   0x0000000c   Code   RO          308    i.getRunTimeCounterValue  freertos.o
    0x08008428   0x08008428   0x00000008   Code   RO         8406    i.get_INS_point     ins_task.o
    0x08008430   0x08008430   0x000000b0   Code   RO         8407    i.get_angle         ins_task.o
    0x080084e0   0x080084e0   0x000000e4   Code   RO         8408    i.get_angle_and_gyro_value  ins_task.o
    0x080085c4   0x080085c4   0x00000008   Code   RO         6578    i.get_fric_motor1_msg_point  can1_app.o
    0x080085cc   0x080085cc   0x00000008   Code   RO         6579    i.get_fric_motor2_msg_point  can1_app.o
    0x080085d4   0x080085d4   0x00000084   Code   RO         8593    i.get_mouse_press_msg  shoot_task.o
    0x08008658   0x08008658   0x00000008   Code   RO         6657    i.get_pitch_motor_msg_point  can2_app.o
    0x08008660   0x08008660   0x0000008c   Code   RO         8594    i.get_rc_control_msg  shoot_task.o
    0x080086ec   0x080086ec   0x00000008   Code   RO         6505    i.get_rc_data_point  remote_app.o
    0x080086f4   0x080086f4   0x0000009a   Code   RO         6506    i.get_remote_data   remote_app.o
    0x0800878e   0x0800878e   0x00000002   PAD
    0x08008790   0x08008790   0x0000000c   Code   RO         8226    i.get_robot_control_mode  gimbal_task.o
    0x0800879c   0x0800879c   0x0000000c   Code   RO         8227    i.get_robot_work_mode  gimbal_task.o
    0x080087a8   0x080087a8   0x00000070   Code   RO         8596    i.get_shoot_related_flags  shoot_task.o
    0x08008818   0x08008818   0x00000008   Code   RO         6580    i.get_trigger_motor_msg_point  can1_app.o
    0x08008820   0x08008820   0x00000008   Code   RO         6658    i.get_yaw_motor_msg_point  can2_app.o
    0x08008828   0x08008828   0x00000080   Code   RO         8228    i.gimbal_cascade_pid_calculate  gimbal_task.o
    0x080088a8   0x080088a8   0x0000003c   Code   RO         8229    i.gimbal_control_loop  gimbal_task.o
    0x080088e4   0x080088e4   0x00000064   Code   RO         8230    i.gimbal_init       gimbal_task.o
    0x08008948   0x08008948   0x000000e4   Code   RO         6659    i.gimbal_motor_msg_process  can2_app.o
    0x08008a2c   0x08008a2c   0x00000040   Code   RO         8231    i.gimbal_pid_init   gimbal_task.o
    0x08008a6c   0x08008a6c   0x0000022c   Code   RO         8232    i.gimbal_set_and_fdb_update  gimbal_task.o
    0x08008c98   0x08008c98   0x00000094   Code   RO         8233    i.gimbal_task       gimbal_task.o
    0x08008d2c   0x08008d2c   0x00000014   Code   RO         8234    i.gimbal_val_limit  gimbal_task.o
    0x08008d40   0x08008d40   0x0000003c   Code   RO         8235    i.gimbal_work_mode_update  gimbal_task.o
    0x08008d7c   0x08008d7c   0x000000ec   Code   RO         8410    i.imu_cali_slove    ins_task.o
    0x08008e68   0x08008e68   0x000000fc   Code   RO         8411    i.imu_cmd_spi_dma   ins_task.o
    0x08008f64   0x08008f64   0x0000000c   Code   RO          564    i.imu_pwm_set       tim.o
    0x08008f70   0x08008f70   0x0000007c   Code   RO         8412    i.imu_temp_control  ins_task.o
    0x08008fec   0x08008fec   0x00000014   Code   RO         7008    i.invSqrt           mahonyahrs.o
    0x08009000   0x08009000   0x00000040   Code   RO         8532    i.is_lost           monitor_task.o
    0x08009040   0x08009040   0x0000004c   Code   RO         7774    i.ist8310_GPIO_init  ist8310driver_middleware.o
    0x0800908c   0x0800908c   0x00000024   Code   RO         7776    i.ist8310_IIC_read_single_reg  ist8310driver_middleware.o
    0x080090b0   0x080090b0   0x00000024   Code   RO         7778    i.ist8310_IIC_write_single_reg  ist8310driver_middleware.o
    0x080090d4   0x080090d4   0x00000010   Code   RO         7779    i.ist8310_RST_H     ist8310driver_middleware.o
    0x080090e4   0x080090e4   0x00000010   Code   RO         7780    i.ist8310_RST_L     ist8310driver_middleware.o
    0x080090f4   0x080090f4   0x00000002   Code   RO         7781    i.ist8310_com_init  ist8310driver_middleware.o
    0x080090f6   0x080090f6   0x00000004   Code   RO         7782    i.ist8310_delay_ms  ist8310driver_middleware.o
    0x080090fa   0x080090fa   0x00000002   PAD
    0x080090fc   0x080090fc   0x00000080   Code   RO         7739    i.ist8310_init      ist8310driver.o
    0x0800917c   0x0800917c   0x000000e2   Code   RO         6968    i.kalman_filter_init  kalman_filter.o
    0x0800925e   0x0800925e   0x00000002   PAD
    0x08009260   0x08009260   0x00000018   Code   RO          271    i.led_configuration  gpio.o
    0x08009278   0x08009278   0x00000080   Code   RO           16    i.main              main.o
    0x080092f8   0x080092f8   0x0000007c   Code   RO         8533    i.monitor_process   monitor_task.o
    0x08009374   0x08009374   0x00000098   Code   RO         8534    i.monitor_task      monitor_task.o
    0x0800940c   0x0800940c   0x00000038   Code   RO         8236    i.mouse_sensit_cali  gimbal_task.o
    0x08009444   0x08009444   0x00000098   Code   RO         7898    i.oled_init         oled.o
    0x080094dc   0x080094dc   0x0000001a   Code   RO         5858    i.osDelay           cmsis_os2.o
    0x080094f6   0x080094f6   0x00000002   PAD
    0x080094f8   0x080094f8   0x00000024   Code   RO         5872    i.osKernelInitialize  cmsis_os2.o
    0x0800951c   0x0800951c   0x0000002a   Code   RO         5873    i.osKernelLock      cmsis_os2.o
    0x08009546   0x08009546   0x00000002   PAD
    0x08009548   0x08009548   0x00000038   Code   RO         5875    i.osKernelStart     cmsis_os2.o
    0x08009580   0x08009580   0x0000003a   Code   RO         5876    i.osKernelUnlock    cmsis_os2.o
    0x080095ba   0x080095ba   0x00000004   Code   RO         5912    i.osThreadGetId     cmsis_os2.o
    0x080095be   0x080095be   0x00000002   PAD
    0x080095c0   0x080095c0   0x0000008a   Code   RO         5917    i.osThreadNew       cmsis_os2.o
    0x0800964a   0x0800964a   0x00000034   Code   RO         5921    i.osThreadTerminate  cmsis_os2.o
    0x0800967e   0x0800967e   0x00000002   PAD
    0x08009680   0x08009680   0x00000020   Code   RO         5272    i.pcTaskGetName     tasks.o
    0x080096a0   0x080096a0   0x00000064   Code   RO         5273    i.prvAddCurrentTaskToDelayedList  tasks.o
    0x08009704   0x08009704   0x000000d0   Code   RO         5274    i.prvAddNewTaskToReadyList  tasks.o
    0x080097d4   0x080097d4   0x00000058   Code   RO         5682    i.prvCheckForValidListAndQueue  timers.o
    0x0800982c   0x0800982c   0x00000026   Code   RO         4870    i.prvCopyDataFromQueue  queue.o
    0x08009852   0x08009852   0x0000006c   Code   RO         4871    i.prvCopyDataToQueue  queue.o
    0x080098be   0x080098be   0x00000034   Code   RO         5275    i.prvDeleteTCB      tasks.o
    0x080098f2   0x080098f2   0x00000002   PAD
    0x080098f4   0x080098f4   0x0000004c   Code   RO         6367    i.prvHeapInit       heap_4.o
    0x08009940   0x08009940   0x00000060   Code   RO         5276    i.prvIdleTask       tasks.o
    0x080099a0   0x080099a0   0x00000022   Code   RO         4873    i.prvInitialiseNewQueue  queue.o
    0x080099c2   0x080099c2   0x000000b6   Code   RO         5277    i.prvInitialiseNewTask  tasks.o
    0x08009a78   0x08009a78   0x0000004e   Code   RO         5683    i.prvInitialiseNewTimer  timers.o
    0x08009ac6   0x08009ac6   0x00000002   PAD
    0x08009ac8   0x08009ac8   0x0000004c   Code   RO         6368    i.prvInsertBlockIntoFreeList  heap_4.o
    0x08009b14   0x08009b14   0x00000038   Code   RO         5684    i.prvInsertTimerInActiveList  timers.o
    0x08009b4c   0x08009b4c   0x0000001c   Code   RO         4874    i.prvIsQueueEmpty   queue.o
    0x08009b68   0x08009b68   0x00000058   Code   RO         5278    i.prvListTasksWithinSingleList  tasks.o
    0x08009bc0   0x08009bc0   0x000000fc   Code   RO         5685    i.prvProcessReceivedCommands  timers.o
    0x08009cbc   0x08009cbc   0x000000c0   Code   RO         5686    i.prvProcessTimerOrBlockTask  timers.o
    0x08009d7c   0x08009d7c   0x00000020   Code   RO         5279    i.prvResetNextTaskUnblockTime  tasks.o
    0x08009d9c   0x08009d9c   0x00000028   Code   RO         5687    i.prvSampleTimeNow  timers.o
    0x08009dc4   0x08009dc4   0x00000058   Code   RO         5280    i.prvSearchForNameWithinSingleList  tasks.o
    0x08009e1c   0x08009e1c   0x0000006c   Code   RO         5688    i.prvSwitchTimerLists  timers.o
    0x08009e88   0x08009e88   0x00000014   Code   RO         5281    i.prvTaskCheckFreeStackSpace  tasks.o
    0x08009e9c   0x08009e9c   0x00000028   Code   RO         6423    i.prvTaskExitError  port.o
    0x08009ec4   0x08009ec4   0x00000024   Code   RO         5689    i.prvTimerTask      timers.o
    0x08009ee8   0x08009ee8   0x0000006a   Code   RO         4875    i.prvUnlockQueue    queue.o
    0x08009f52   0x08009f52   0x00000022   Code   RO         5283    i.prvWriteNameToBuffer  tasks.o
    0x08009f74   0x08009f74   0x000000dc   Code   RO         6369    i.pvPortMalloc      heap_4.o
    0x0800a050   0x0800a050   0x00000010   Code   RO          565    i.pwm1_off          tim.o
    0x0800a060   0x0800a060   0x0000000c   Code   RO          566    i.pwm1_on           tim.o
    0x0800a06c   0x0800a06c   0x0000002c   Code   RO         6424    i.pxPortInitialiseStack  port.o
    0x0800a098   0x0800a098   0x00000020   Code   RO         8237    i.robot_control_mode_update  gimbal_task.o
    0x0800a0b8   0x0800a0b8   0x00000068   Code   RO         8238    i.robot_work_mode_update  gimbal_task.o
    0x0800a120   0x0800a120   0x00000084   Code   RO         8154    i.send_gyro_data_to_chassis  connect_task.o
    0x0800a1a4   0x0800a1a4   0x00000054   Code   RO         8155    i.send_rc_to_chassis  connect_task.o
    0x0800a1f8   0x0800a1f8   0x00000044   Code   RO         6660    i.set_gimbal_behaviour  can2_app.o
    0x0800a23c   0x0800a23c   0x0000003c   Code   RO         6661    i.set_gimbal_stop   can2_app.o
    0x0800a278   0x0800a278   0x00000048   Code   RO         6581    i.set_shoot_behaviour  can1_app.o
    0x0800a2c0   0x0800a2c0   0x0000001a   Code   RO         6662    i.shoot_17mm_mag    can2_app.o
    0x0800a2da   0x0800a2da   0x00000010   Code   RO         8599    i.shoot_abs         shoot_task.o
    0x0800a2ea   0x0800a2ea   0x0000009a   Code   RO         8600    i.shoot_cascade_pid_calculate  shoot_task.o
    0x0800a384   0x0800a384   0x00000034   Code   RO         6726    i.shoot_heat_limit  rule.o
    0x0800a3b8   0x0800a3b8   0x0000002c   Code   RO         6663    i.shoot_judge_process  can2_app.o
    0x0800a3e4   0x0800a3e4   0x00000038   Code   RO         6727    i.shoot_limit       rule.o
    0x0800a41c   0x0800a41c   0x00000072   Code   RO         8601    i.shoot_magazine_control  shoot_task.o
    0x0800a48e   0x0800a48e   0x00000002   PAD
    0x0800a490   0x0800a490   0x00000058   Code   RO         8602    i.shoot_mode_update  shoot_task.o
    0x0800a4e8   0x0800a4e8   0x000000e4   Code   RO         6583    i.shoot_motor_msg_process  can1_app.o
    0x0800a5cc   0x0800a5cc   0x00000040   Code   RO         8603    i.shoot_pid_init    shoot_task.o
    0x0800a60c   0x0800a60c   0x000000cc   Code   RO         8604    i.shoot_set_and_fdb_update  shoot_task.o
    0x0800a6d8   0x0800a6d8   0x00000048   Code   RO         6728    i.shoot_speed_limit  rule.o
    0x0800a720   0x0800a720   0x000000d4   Code   RO         8605    i.shoot_task        shoot_task.o
    0x0800a7f4   0x0800a7f4   0x0000003e   Code   RO         8924    i.sqrtf             m_wm.l(sqrtf.o)
    0x0800a832   0x0800a832   0x00000002   PAD
    0x0800a834   0x0800a834   0x0000009c   Code   RO         8693    i.start_task        start_task.o
    0x0800a8d0   0x0800a8d0   0x00000020   Code   RO         8739    i.test_task         test_task.o
    0x0800a8f0   0x0800a8f0   0x00000068   Code   RO         5285    i.ulTaskNotifyTake  tasks.o
    0x0800a958   0x0800a958   0x00000034   Code   RO          683    i.usart_Receive_DMA  usart.o
    0x0800a98c   0x0800a98c   0x00000026   Code   RO         4830    i.uxListRemove      list.o
    0x0800a9b2   0x0800a9b2   0x00000002   PAD
    0x0800a9b4   0x0800a9b4   0x000000ac   Code   RO         5290    i.uxTaskGetSystemState  tasks.o
    0x0800aa60   0x0800aa60   0x00000014   Code   RO         5929    i.vApplicationGetIdleTaskMemory  cmsis_os2.o
    0x0800aa74   0x0800aa74   0x00000018   Code   RO         5930    i.vApplicationGetTimerTaskMemory  cmsis_os2.o
    0x0800aa8c   0x0800aa8c   0x00000002   Code   RO          309    i.vApplicationStackOverflowHook  freertos.o
    0x0800aa8e   0x0800aa8e   0x00000016   Code   RO         4831    i.vListInitialise   list.o
    0x0800aaa4   0x0800aaa4   0x00000006   Code   RO         4832    i.vListInitialiseItem  list.o
    0x0800aaaa   0x0800aaaa   0x00000030   Code   RO         4833    i.vListInsert       list.o
    0x0800aada   0x0800aada   0x00000018   Code   RO         4834    i.vListInsertEnd    list.o
    0x0800aaf2   0x0800aaf2   0x00000002   PAD
    0x0800aaf4   0x0800aaf4   0x00000040   Code   RO         6426    i.vPortEnterCritical  port.o
    0x0800ab34   0x0800ab34   0x00000028   Code   RO         6427    i.vPortExitCritical  port.o
    0x0800ab5c   0x0800ab5c   0x00000064   Code   RO         6370    i.vPortFree         heap_4.o
    0x0800abc0   0x0800abc0   0x00000024   Code   RO         6428    i.vPortSetupTimerInterrupt  port.o
    0x0800abe4   0x0800abe4   0x00000054   Code   RO         6429    i.vPortValidateInterruptPriority  port.o
    0x0800ac38   0x0800ac38   0x00000028   Code   RO         4881    i.vQueueAddToRegistry  queue.o
    0x0800ac60   0x0800ac60   0x00000044   Code   RO         4885    i.vQueueWaitForMessageRestricted  queue.o
    0x0800aca4   0x0800aca4   0x0000004c   Code   RO         5295    i.vTaskDelay        tasks.o
    0x0800acf0   0x0800acf0   0x0000008c   Code   RO         5296    i.vTaskDelayUntil   tasks.o
    0x0800ad7c   0x0800ad7c   0x00000090   Code   RO         5297    i.vTaskDelete       tasks.o
    0x0800ae0c   0x0800ae0c   0x00000078   Code   RO         5299    i.vTaskGetInfo      tasks.o
    0x0800ae84   0x0800ae84   0x000000a4   Code   RO         5300    i.vTaskGetRunTimeStats  tasks.o
    0x0800af28   0x0800af28   0x00000010   Code   RO         5301    i.vTaskInternalSetTimeOutState  tasks.o
    0x0800af38   0x0800af38   0x0000000c   Code   RO         5303    i.vTaskMissedYield  tasks.o
    0x0800af44   0x0800af44   0x000000b0   Code   RO         5304    i.vTaskNotifyGiveFromISR  tasks.o
    0x0800aff4   0x0800aff4   0x00000030   Code   RO         5305    i.vTaskPlaceOnEventList  tasks.o
    0x0800b024   0x0800b024   0x00000038   Code   RO         5306    i.vTaskPlaceOnEventListRestricted  tasks.o
    0x0800b05c   0x0800b05c   0x0000008c   Code   RO         5314    i.vTaskStartScheduler  tasks.o
    0x0800b0e8   0x0800b0e8   0x00000010   Code   RO         5316    i.vTaskSuspendAll   tasks.o
    0x0800b0f8   0x0800b0f8   0x000000a4   Code   RO         5317    i.vTaskSwitchContext  tasks.o
    0x0800b19c   0x0800b19c   0x00000100   Code   RO         8156    i.vision_tx         connect_task.o
    0x0800b29c   0x0800b29c   0x000000f4   Code   RO         6430    i.xPortStartScheduler  port.o
    0x0800b390   0x0800b390   0x0000002c   Code   RO         6431    i.xPortSysTickHandler  port.o
    0x0800b3bc   0x0800b3bc   0x00000066   Code   RO         4891    i.xQueueGenericCreateStatic  queue.o
    0x0800b422   0x0800b422   0x00000002   PAD
    0x0800b424   0x0800b424   0x00000088   Code   RO         4892    i.xQueueGenericReset  queue.o
    0x0800b4ac   0x0800b4ac   0x00000160   Code   RO         4893    i.xQueueGenericSend  queue.o
    0x0800b60c   0x0800b60c   0x000000be   Code   RO         4894    i.xQueueGenericSendFromISR  queue.o
    0x0800b6ca   0x0800b6ca   0x00000002   PAD
    0x0800b6cc   0x0800b6cc   0x00000138   Code   RO         4903    i.xQueueReceive     queue.o
    0x0800b804   0x0800b804   0x00000088   Code   RO         5320    i.xTaskCheckForTimeOut  tasks.o
    0x0800b88c   0x0800b88c   0x0000005a   Code   RO         5321    i.xTaskCreate       tasks.o
    0x0800b8e6   0x0800b8e6   0x00000056   Code   RO         5322    i.xTaskCreateStatic  tasks.o
    0x0800b93c   0x0800b93c   0x0000000c   Code   RO         5325    i.xTaskGetCurrentTaskHandle  tasks.o
    0x0800b948   0x0800b948   0x00000088   Code   RO         5326    i.xTaskGetHandle    tasks.o
    0x0800b9d0   0x0800b9d0   0x0000001c   Code   RO         5327    i.xTaskGetSchedulerState  tasks.o
    0x0800b9ec   0x0800b9ec   0x0000000c   Code   RO         5328    i.xTaskGetTickCount  tasks.o
    0x0800b9f8   0x0800b9f8   0x000000c8   Code   RO         5330    i.xTaskIncrementTick  tasks.o
    0x0800bac0   0x0800bac0   0x00000080   Code   RO         5333    i.xTaskPriorityDisinherit  tasks.o
    0x0800bb40   0x0800bb40   0x00000070   Code   RO         5335    i.xTaskRemoveFromEventList  tasks.o
    0x0800bbb0   0x0800bbb0   0x000000c4   Code   RO         5336    i.xTaskResumeAll    tasks.o
    0x0800bc74   0x0800bc74   0x00000034   Code   RO         5696    i.xTimerCreate      timers.o
    0x0800bca8   0x0800bca8   0x00000060   Code   RO         5698    i.xTimerCreateTimerTask  timers.o
    0x0800bd08   0x0800bd08   0x00000068   Code   RO         5699    i.xTimerGenericCommand  timers.o
    0x0800bd70   0x0800bd70   0x00000062   Code   RO         8834    x$fpl$d2f           fz_wm.l(d2f.o)
    0x0800bdd2   0x0800bdd2   0x00000002   PAD
    0x0800bdd4   0x0800bdd4   0x00000150   Code   RO         8836    x$fpl$dadd          fz_wm.l(daddsub_clz.o)
    0x0800bf24   0x0800bf24   0x000002b0   Code   RO         8843    x$fpl$ddiv          fz_wm.l(ddiv.o)
    0x0800c1d4   0x0800c1d4   0x00000026   Code   RO         8848    x$fpl$dfltu         fz_wm.l(dflt_clz.o)
    0x0800c1fa   0x0800c1fa   0x0000009c   Code   RO         9020    x$fpl$dnaninf       fz_wm.l(dnaninf.o)
    0x0800c296   0x0800c296   0x0000000c   Code   RO         9022    x$fpl$dretinf       fz_wm.l(dretinf.o)
    0x0800c2a2   0x0800c2a2   0x00000002   PAD
    0x0800c2a4   0x0800c2a4   0x00000198   Code   RO         9026    x$fpl$dsqrt         fz_wm.l(dsqrt_umaal.o)
    0x0800c43c   0x0800c43c   0x000001d4   Code   RO         8838    x$fpl$dsub          fz_wm.l(daddsub_clz.o)
    0x0800c610   0x0800c610   0x00000056   Code   RO         8856    x$fpl$f2d           fz_wm.l(f2d.o)
    0x0800c666   0x0800c666   0x0000008c   Code   RO         9028    x$fpl$fnaninf       fz_wm.l(fnaninf.o)
    0x0800c6f2   0x0800c6f2   0x0000000a   Code   RO         9244    x$fpl$fpinit        fz_wm.l(fpinit.o)
    0x0800c6fc   0x0800c6fc   0x0000000a   Code   RO         9030    x$fpl$fretinf       fz_wm.l(fretinf.o)
    0x0800c706   0x0800c706   0x00000000   Code   RO         9040    x$fpl$usenofp       fz_wm.l(usenofp.o)
    0x0800c706   0x0800c706   0x00000002   PAD
    0x0800c708   0x0800c708   0x00000048   Data   RO          310    .constdata          freertos.o
    0x0800c750   0x0800c750   0x00000008   Data   RO         1804    .constdata          stm32f4xx_hal_dma.o
    0x0800c758   0x0800c758   0x00000010   Data   RO         4638    .constdata          system_stm32f4xx.o
    0x0800c768   0x0800c768   0x00000008   Data   RO         4639    .constdata          system_stm32f4xx.o
    0x0800c770   0x0800c770   0x00000012   Data   RO         7429    .constdata          bmi088driver.o
    0x0800c782   0x0800c782   0x0000000c   Data   RO         7742    .constdata          ist8310driver.o
    0x0800c78e   0x0800c78e   0x00000820   Data   RO         7900    .constdata          oled.o
    0x0800cfae   0x0800cfae   0x00000002   PAD
    0x0800cfb0   0x0800cfb0   0x0000000c   Data   RO         8417    .constdata          ins_task.o
    0x0800cfbc   0x0800cfbc   0x000000fc   Data   RO         8694    .constdata          start_task.o
    0x0800d0b8   0x0800d0b8   0x00000011   Data   RO         8809    .constdata          c_w.l(__printf_flags_ss_wp.o)
    0x0800d0c9   0x0800d0c9   0x00000003   PAD
    0x0800d0cc   0x0800d0cc   0x00000018   Data   RO          311    .conststring        freertos.o
    0x0800d0e4   0x0800d0e4   0x00000070   Data   RO         8535    .conststring        monitor_task.o
    0x0800d154   0x0800d154   0x0000005a   Data   RO         8696    .conststring        start_task.o
    0x0800d1ae   0x0800d1ae   0x00000002   PAD
    0x0800d1b0   0x0800d1b0   0x00000020   Data   RO         9300    Region$$Table       anon$$obj.o


    Execution Region RW_IRAM1 (Exec base: 0x20000000, Load base: 0x0800d1d0, Size: 0x000087b0, Max: 0x0001c000, ABSOLUTE, COMPRESSED[0x00000144])

    Exec Addr    Load Addr    Size         Type   Attr      Idx    E Section Name        Object

    0x20000000   COMPRESSED   0x00000008   Data   RW          312    .data               freertos.o
    0x20000008   COMPRESSED   0x00000014   Data   RW          375    .data               can.o
    0x2000001c   COMPRESSED   0x00000008   Data   RW          376    .data               can.o
    0x20000024   COMPRESSED   0x00000008   Data   RW          377    .data               can.o
    0x2000002c   COMPRESSED   0x00000004   PAD
    0x20000030   COMPRESSED   0x00000008   Data   RW          568    .data               tim.o
    0x20000038   COMPRESSED   0x00000004   Data   RW          690    .data               usart.o
    0x2000003c   COMPRESSED   0x00000001   Data   RW          804    .data               stm32f4xx_it.o
    0x2000003d   COMPRESSED   0x00000003   PAD
    0x20000040   COMPRESSED   0x0000000c   Data   RW         2231    .data               stm32f4xx_hal.o
    0x2000004c   COMPRESSED   0x00000004   Data   RW         4593    .data               delay.o
    0x20000050   COMPRESSED   0x00000004   Data   RW         4640    .data               system_stm32f4xx.o
    0x20000054   COMPRESSED   0x00000044   Data   RW         5339    .data               tasks.o
    0x20000098   COMPRESSED   0x00000014   Data   RW         5707    .data               timers.o
    0x200000ac   COMPRESSED   0x00000004   Data   RW         5933    .data               cmsis_os2.o
    0x200000b0   COMPRESSED   0x00000020   Data   RW         6376    .data               heap_4.o
    0x200000d0   COMPRESSED   0x0000000c   Data   RW         6432    .data               port.o
    0x200000dc   COMPRESSED   0x000001e8   Data   RW         6863    .data               vision.o
    0x200002c4   COMPRESSED   0x00000014   Data   RW         7009    .data               mahonyahrs.o
    0x200002d8   COMPRESSED   0x00000060   Data   RW         7159    .data               pid.o
    0x20000338   COMPRESSED   0x00000060   Data   RW         7160    .data               pid.o
    0x20000398   COMPRESSED   0x0000002c   Data   RW         7430    .data               bmi088driver.o
    0x200003c4   COMPRESSED   0x00000004   Data   RW         8158    .data               connect_task.o
    0x200003c8   COMPRESSED   0x0000009c   Data   RW         8245    .data               gimbal_task.o
    0x20000464   COMPRESSED   0x00000008   Data   RW         8365    .data               gui_task.o
    0x2000046c   COMPRESSED   0x000000d0   Data   RW         8419    .data               ins_task.o
    0x2000053c   COMPRESSED   0x00000070   Data   RW         8536    .data               monitor_task.o
    0x200005ac   COMPRESSED   0x00000008   Data   RW         8608    .data               shoot_task.o
    0x200005b4   COMPRESSED   0x0000001c   Data   RW         8698    .data               start_task.o
    0x200005d0        -       0x00000088   Zero   RW          372    .bss                can.o
    0x20000658        -       0x00000018   Zero   RW          373    .bss                can.o
    0x20000670        -       0x00000018   Zero   RW          374    .bss                can.o
    0x20000688        -       0x00000054   Zero   RW          458    .bss                i2c.o
    0x200006dc        -       0x00000118   Zero   RW          502    .bss                spi.o
    0x200007f4        -       0x00000120   Zero   RW          567    .bss                tim.o
    0x20000914        -       0x00000204   Zero   RW          686    .bss                usart.o
    0x20000b18        -       0x00000048   Zero   RW          961    .bss                stm32f4xx_hal_timebase_tim.o
    0x20000b60        -       0x00000040   Zero   RW         4907    .bss                queue.o
    0x20000ba0        -       0x000004c4   Zero   RW         5338    .bss                tasks.o
    0x20001064        -       0x00000118   Zero   RW         5706    .bss                timers.o
    0x2000117c        -       0x000006c8   Zero   RW         5932    .bss                cmsis_os2.o
    0x20001844        -       0x00006000   Zero   RW         6375    .bss                heap_4.o
    0x20007844        -       0x0000002c   Zero   RW         6508    .bss                remote_app.o
    0x20007870        -       0x000000ee   Zero   RW         6584    .bss                can1_app.o
    0x2000795e   COMPRESSED   0x00000002   PAD
    0x20007960        -       0x000000ac   Zero   RW         6664    .bss                can2_app.o
    0x20007a0c        -       0x0000000a   Zero   RW         6729    .bss                rule.o
    0x20007a16   COMPRESSED   0x00000002   PAD
    0x20007a18        -       0x00000168   Zero   RW         6862    .bss                vision.o
    0x20007b80        -       0x00000048   Zero   RW         8157    .bss                connect_task.o
    0x20007bc8        -       0x00000150   Zero   RW         8242    .bss                gimbal_task.o
    0x20007d18        -       0x00000014   Zero   RW         8364    .bss                gui_task.o
    0x20007d2c        -       0x00000128   Zero   RW         8413    .bss                ins_task.o
    0x20007e54        -       0x00000168   Zero   RW         8606    .bss                shoot_task.o
    0x20007fbc        -       0x00000190   Zero   RW         8740    .bss                test_task.o
    0x2000814c        -       0x00000060   Zero   RW         9118    .bss                c_w.l(libspace.o)
    0x200081ac   COMPRESSED   0x00000004   PAD
    0x200081b0        -       0x00000200   Zero   RW            2    HEAP                startup_stm32f407xx.o
    0x200083b0        -       0x00000400   Zero   RW            1    STACK               startup_stm32f407xx.o


    Execution Region RW_IRAM2 (Exec base: 0x2001c000, Load base: 0x0800d314, Size: 0x00000000, Max: 0x00004000, ABSOLUTE)

    **** No section assigned to this execution region ****


==============================================================================

Image component sizes


      Code (inc. data)   RO Data    RW Data    ZI Data      Debug   Object Name

         8          0          0          0          0       1079   arm_mat_init_f32.o
       142          0          0          0          0       1596   arm_mat_trans_f32.o
      2166         34         18         44          0      16099   bmi088driver.o
       230         40          0          0          0       5824   bmi088middleware.o
       596         64          0         36        184       4425   can.o
       440         42          0          0        238       6058   can1_app.o
       538         58          0          0        172       6819   can2_app.o
       482         22          0          4       1736      54543   cmsis_os2.o
       560         56          0          4         72       9421   connect_task.o
         0          0          0          0          0       7176   croutine.o
       164         14          0          4          0       2195   delay.o
       124          4          0          0          0        918   dma.o
         0          0          0          0          0      18460   event_groups.o
        86         24         96          8          0       3637   freertos.o
      1352        122          0        156        336      13394   gimbal_task.o
       404         32          0          0          0       1779   gpio.o
       352         34          0          8         20       1878   gui_task.o
       472         24          0         32      24576       5119   heap_4.o
       212         32          0          0         84       1873   i2c.o
      3084        214         12        208        296      15275   ins_task.o
       128          6         12          0          0       2175   ist8310driver.o
       186         32          0          0          0       4947   ist8310driver_middleware.o
       226          0          0          0          0      15817   kalman_filter.o
       138          0          0          0          0       3798   list.o
      1416         36          0         20          0       4469   mahonyahrs.o
       294         18          0          0          0     741300   main.o
       444         40        112        112          0       7804   monitor_task.o
       790         32       2080          0          0      16078   oled.o
       256          6          0        192          0       2987   pid.o
       786         82          0         12          0      12001   port.o
      1514         20          0          0         64      18044   queue.o
       292          8          0          0         44       7551   remote_app.o
       180         26          0          0         10       2469   rule.o
      1236         66          0          8        360       9033   shoot_task.o
         0          0          0          0          0      20746   sortaver_filter.o
      5284         88          0          0        280       4533   spi.o
       156         36        342         28          0       2349   start_task.o
        64         26        392          0       1536        876   startup_stm32f407xx.o
        80         14          0         12          0       8330   stm32f4xx_hal.o
      1658          6          0          0          0      15103   stm32f4xx_hal_can.o
       182         14          0          0          0      34040   stm32f4xx_hal_cortex.o
      1084         16          8          0          0       7726   stm32f4xx_hal_dma.o
       530         52          0          0          0       2987   stm32f4xx_hal_gpio.o
      2174         52          0          0          0      13450   stm32f4xx_hal_i2c.o
        56          4          0          0          0        942   stm32f4xx_hal_msp.o
      1412         86          0          0          0       6193   stm32f4xx_hal_rcc.o
       942         12          0          0          0       5121   stm32f4xx_hal_spi.o
      2020        136          0          0          0      17878   stm32f4xx_hal_tim.o
       232         28          0          0          0       3489   stm32f4xx_hal_tim_ex.o
       152         18          0          0         72     712975   stm32f4xx_hal_timebase_tim.o
      2236         30          0          0          0      18419   stm32f4xx_hal_uart.o
       224         70          0          1          0      11077   stm32f4xx_it.o
         0          0          0          0          0       8308   stream_buffer.o
        16          4         24          4          0       1255   system_stm32f4xx.o
      3732        292          0         68       1220      42558   tasks.o
        32          6          0          0        400       3019   test_task.o
      1012        116          0          8        288       8218   tim.o
      1102         80          0         20        280      33618   timers.o
       858         86          0          4        516       8879   usart.o
         0          0          0          0          0        604   user_lib.o
       228         44          0        488        360       5435   vision.o

    ----------------------------------------------------------------------
     44840       2504       3132       1488      33148    2024169   Object Totals
         0          0         32          0          0          0   (incl. Generated)
        76          0          4          7          4          0   (incl. Padding)

    ----------------------------------------------------------------------

      Code (inc. data)   RO Data    RW Data    ZI Data      Debug   Library Member Name

        44          6          0          0          0         84   __2sprintf.o
        90          0          0          0          0          0   __dczerorl2.o
         8          0          0          0          0         68   __main.o
       392          4         17          0          0         92   __printf_flags_ss_wp.o
        14          0          0          0          0         68   __printf_wp.o
         0          0          0          0          0          0   __rtentry.o
        12          0          0          0          0          0   __rtentry2.o
         6          0          0          0          0          0   __rtentry4.o
        52          8          0          0          0          0   __scatter.o
        28          0          0          0          0          0   __scatter_zi.o
        48          6          0          0          0         96   _printf_char_common.o
       120         16          0          0          0         92   _printf_dec.o
       178          0          0          0          0         88   _printf_intcommon.o
         0          0          0          0          0          0   _printf_percent.o
         4          0          0          0          0          0   _printf_percent_end.o
         6          0          0          0          0          0   _printf_u.o
        22          0          0          0          0        100   _rserrno.o
        10          0          0          0          0         68   _sputc.o
        16          0          0          0          0         68   aeabi_memset.o
        18          0          0          0          0         80   exit.o
         6          0          0          0          0        152   heapauxi.o
         2          0          0          0          0          0   libinit.o
         6          0          0          0          0          0   libinit2.o
         2          0          0          0          0          0   libshutdown.o
         2          0          0          0          0          0   libshutdown2.o
         8          4          0          0         96         68   libspace.o
       238          0          0          0          0        100   lludivv7m.o
         8          4          0          0          0         68   rt_errno_addr_intlibspace.o
        68          0          0          0          0         68   rt_memclr.o
        78          0          0          0          0         80   rt_memclr_w.o
       138          0          0          0          0         68   rt_memcpy_v6.o
       100          0          0          0          0         80   rt_memcpy_w.o
         2          0          0          0          0          0   rtexit.o
        10          0          0          0          0          0   rtexit2.o
        72          0          0          0          0         80   strcpy.o
        62          0          0          0          0         76   strlen.o
        74          0          0          0          0         80   sys_stackheap_outer.o
         2          0          0          0          0         68   use_no_semi.o
         2          0          0          0          0         68   use_no_semi_2.o
        98          4          0          0          0        140   d2f.o
       804         16          0          0          0        368   daddsub_clz.o
       688        140          0          0          0        256   ddiv.o
        38          0          0          0          0        116   dflt_clz.o
       156          4          0          0          0        140   dnaninf.o
        12          0          0          0          0        116   dretinf.o
       408         56          0          0          0        168   dsqrt_umaal.o
        86          4          0          0          0        132   f2d.o
       140          4          0          0          0        132   fnaninf.o
        10          0          0          0          0        116   fpinit.o
        10          0          0          0          0        116   fretinf.o
         0          0          0          0          0          0   usenofp.o
       300         42          0          0          0        176   asinf.o
       684         90          0          0          0        208   atan2f.o
        38          0          0          0          0        116   fpclassifyf.o
        44         12          0          0          0        464   funder.o
       122          0          0          0          0        148   sqrt.o
       120          0          0          0          0        272   sqrtf.o

    ----------------------------------------------------------------------
      5720        420         20          0        100       5144   Library Totals
        14          0          3          0          4          0   (incl. Padding)

    ----------------------------------------------------------------------

      Code (inc. data)   RO Data    RW Data    ZI Data      Debug   Library Name

      1948         48         17          0         96       1960   c_w.l
      2450        228          0          0          0       1800   fz_wm.l
      1308        144          0          0          0       1384   m_wm.l

    ----------------------------------------------------------------------
      5720        420         20          0        100       5144   Library Totals

    ----------------------------------------------------------------------

==============================================================================


      Code (inc. data)   RO Data    RW Data    ZI Data      Debug   

     50560       2924       3152       1488      33248    1988173   Grand Totals
     50560       2924       3152        324      33248    1988173   ELF Image Totals (compressed)
     50560       2924       3152        324          0          0   ROM Totals

==============================================================================

    Total RO  Size (Code + RO Data)                53712 (  52.45kB)
    Total RW  Size (RW Data + ZI Data)             34736 (  33.92kB)
    Total ROM Size (Code + RO Data + RW Data)      54036 (  52.77kB)

==============================================================================

